Component: ARM Compiler 5.06 (build 20) Tool: armlink [4d35a3]

==============================================================================

Section Cross References

    main.o(.text) refers to delay.o(.text) for delay_init
    main.o(.text) refers to usart.o(.text) for uart_init
    main.o(.text) refers to misc.o(.text) for NVIC_PriorityGroupConfig
    main.o(.text) refers to led.o(.text) for LED_Init
    main.o(.text) refers to key.o(.text) for KEY_Init
    main.o(.text) refers to oled.o(.text) for OLED_Init
    main.o(.text) refers to encoder.o(.text) for Encoder_Init_TIM2
    main.o(.text) refers to usartx.o(.text) for uart2_init
    main.o(.text) refers to ioi2c.o(.text) for IIC_Init
    main.o(.text) refers to mpu6050.o(.text) for MPU6050_initialize
    main.o(.text) refers to adc.o(.text) for Adc_Init
    main.o(.text) refers to motor.o(.text) for MiniBalance_PWM_Init
    main.o(.text) refers to ws2811.o(.text) for LED_SPI_LowLevel_Init
    main.o(.text) refers to exti.o(.text) for MiniBalance_EXTI_Init
    main.o(.text) refers to stm32f4xx_rcc.o(.text) for RCC_GetClocksFreq
    main.o(.text) refers to stmflash.o(.text) for Flash_Write
    main.o(.text) refers to show.o(.text) for DataScope
    main.o(.text) refers to control.o(.text) for Connection_test
    main.o(.text) refers to main.o(.data) for Flash_Send
    system_stm32f4xx.o(.text) refers to system_stm32f4xx.o(.data) for SystemCoreClock
    startup_stm32f40_41xxx.o(STACK) refers (Special) to heapauxi.o(.text) for __use_two_region_memory
    startup_stm32f40_41xxx.o(HEAP) refers (Special) to heapauxi.o(.text) for __use_two_region_memory
    startup_stm32f40_41xxx.o(RESET) refers (Special) to heapauxi.o(.text) for __use_two_region_memory
    startup_stm32f40_41xxx.o(RESET) refers to startup_stm32f40_41xxx.o(STACK) for __initial_sp
    startup_stm32f40_41xxx.o(RESET) refers to startup_stm32f40_41xxx.o(.text) for Reset_Handler
    startup_stm32f40_41xxx.o(RESET) refers to stm32f4xx_it.o(.text) for NMI_Handler
    startup_stm32f40_41xxx.o(RESET) refers to can.o(.text) for CAN1_RX0_IRQHandler
    startup_stm32f40_41xxx.o(RESET) refers to encoder.o(.text) for TIM2_IRQHandler
    startup_stm32f40_41xxx.o(RESET) refers to timer.o(.text) for TIM3_IRQHandler
    startup_stm32f40_41xxx.o(RESET) refers to usart.o(.text) for USART1_IRQHandler
    startup_stm32f40_41xxx.o(RESET) refers to usartx.o(.text) for USART2_IRQHandler
    startup_stm32f40_41xxx.o(RESET) refers to control.o(.text) for EXTI15_10_IRQHandler
    startup_stm32f40_41xxx.o(.text) refers (Special) to heapauxi.o(.text) for __use_two_region_memory
    startup_stm32f40_41xxx.o(.text) refers to system_stm32f4xx.o(.text) for SystemInit
    startup_stm32f40_41xxx.o(.text) refers to __main.o(!!!main) for __main
    startup_stm32f40_41xxx.o(.text) refers to startup_stm32f40_41xxx.o(HEAP) for Heap_Mem
    startup_stm32f40_41xxx.o(.text) refers to startup_stm32f40_41xxx.o(STACK) for Stack_Mem
    stm32f4xx_adc.o(.text) refers to stm32f4xx_rcc.o(.text) for RCC_APB2PeriphResetCmd
    stm32f4xx_can.o(.text) refers to stm32f4xx_rcc.o(.text) for RCC_APB1PeriphResetCmd
    stm32f4xx_cryp.o(.text) refers to stm32f4xx_rcc.o(.text) for RCC_AHB2PeriphResetCmd
    stm32f4xx_cryp_aes.o(.text) refers to stm32f4xx_cryp.o(.text) for CRYP_KeyStructInit
    stm32f4xx_cryp_des.o(.text) refers to stm32f4xx_cryp.o(.text) for CRYP_KeyStructInit
    stm32f4xx_cryp_tdes.o(.text) refers to stm32f4xx_cryp.o(.text) for CRYP_KeyStructInit
    stm32f4xx_dac.o(.text) refers to stm32f4xx_rcc.o(.text) for RCC_APB1PeriphResetCmd
    stm32f4xx_dma2d.o(.text) refers to stm32f4xx_rcc.o(.text) for RCC_AHB1PeriphResetCmd
    stm32f4xx_fsmc.o(.text) refers to stm32f4xx_fsmc.o(.constdata) for FSMC_DefaultTimingStruct
    stm32f4xx_gpio.o(.text) refers to stm32f4xx_rcc.o(.text) for RCC_AHB1PeriphResetCmd
    stm32f4xx_hash.o(.text) refers to stm32f4xx_rcc.o(.text) for RCC_AHB2PeriphResetCmd
    stm32f4xx_hash_md5.o(.text) refers to stm32f4xx_hash.o(.text) for HASH_DeInit
    stm32f4xx_hash_sha1.o(.text) refers to stm32f4xx_hash.o(.text) for HASH_DeInit
    stm32f4xx_i2c.o(.text) refers to stm32f4xx_rcc.o(.text) for RCC_APB1PeriphResetCmd
    stm32f4xx_ltdc.o(.text) refers to stm32f4xx_rcc.o(.text) for RCC_APB2PeriphResetCmd
    stm32f4xx_pwr.o(.text) refers to stm32f4xx_rcc.o(.text) for RCC_APB1PeriphResetCmd
    stm32f4xx_rcc.o(.text) refers to stm32f4xx_rcc.o(.data) for APBAHBPrescTable
    stm32f4xx_rng.o(.text) refers to stm32f4xx_rcc.o(.text) for RCC_AHB2PeriphResetCmd
    stm32f4xx_sai.o(.text) refers to stm32f4xx_rcc.o(.text) for RCC_APB2PeriphResetCmd
    stm32f4xx_sdio.o(.text) refers to stm32f4xx_rcc.o(.text) for RCC_APB2PeriphResetCmd
    stm32f4xx_spi.o(.text) refers to stm32f4xx_rcc.o(.text) for RCC_APB2PeriphResetCmd
    stm32f4xx_syscfg.o(.text) refers to stm32f4xx_rcc.o(.text) for RCC_APB2PeriphResetCmd
    stm32f4xx_tim.o(.text) refers to stm32f4xx_rcc.o(.text) for RCC_APB2PeriphResetCmd
[...]
    FLASH_OB_PCROPSelectionConfig            0x08001e6f   Thumb Code    24  stm32f4xx_flash.o(.text)
    FLASH_OB_PCROPConfig                     0x08001e87   Thumb Code    54  stm32f4xx_flash.o(.text)
    FLASH_OB_PCROP1Config                    0x08001ebd   Thumb Code    54  stm32f4xx_flash.o(.text)
    FLASH_OB_RDPConfig                       0x08001ef3   Thumb Code    24  stm32f4xx_flash.o(.text)
    FLASH_OB_UserConfig                      0x08001f0b   Thumb Code    46  stm32f4xx_flash.o(.text)
    FLASH_OB_BootConfig                      0x08001f39   Thumb Code    26  stm32f4xx_flash.o(.text)
    FLASH_OB_BORConfig                       0x08001f53   Thumb Code    26  stm32f4xx_flash.o(.text)
    FLASH_OB_Launch                          0x08001f6d   Thumb Code    30  stm32f4xx_flash.o(.text)
    FLASH_OB_GetUser                         0x08001f8b   Thumb Code    12  stm32f4xx_flash.o(.text)
    FLASH_OB_GetWRP                          0x08001f97   Thumb Code     8  stm32f4xx_flash.o(.text)
    FLASH_OB_GetWRP1                         0x08001f9f   Thumb Code     8  stm32f4xx_flash.o(.text)
    FLASH_OB_GetPCROP                        0x08001fa7   Thumb Code     8  stm32f4xx_flash.o(.text)
    FLASH_OB_GetPCROP1                       0x08001faf   Thumb Code     8  stm32f4xx_flash.o(.text)
    FLASH_OB_GetRDP                          0x08001fb7   Thumb Code    20  stm32f4xx_flash.o(.text)
    FLASH_OB_GetBOR                          0x08001fcb   Thumb Code    12  stm32f4xx_flash.o(.text)
    FLASH_ITConfig                           0x08001fd7   Thumb Code    26  stm32f4xx_flash.o(.text)
    FLASH_GetFlagStatus                      0x08001ff1   Thumb Code    22  stm32f4xx_flash.o(.text)
    FLASH_ClearFlag                          0x08002007   Thumb Code     8  stm32f4xx_flash.o(.text)
    GPIO_DeInit                              0x0800201d   Thumb Code   268  stm32f4xx_gpio.o(.text)
    GPIO_Init                                0x08002129   Thumb Code   144  stm32f4xx_gpio.o(.text)
    GPIO_StructInit                          0x080021b9   Thumb Code    18  stm32f4xx_gpio.o(.text)
    GPIO_PinLockConfig                       0x080021cb   Thumb Code    34  stm32f4xx_gpio.o(.text)
    GPIO_ReadInputDataBit                    0x080021ed   Thumb Code    18  stm32f4xx_gpio.o(.text)
    GPIO_ReadInputData                       0x080021ff   Thumb Code     8  stm32f4xx_gpio.o(.text)
    GPIO_ReadOutputDataBit                   0x08002207   Thumb Code    18  stm32f4xx_gpio.o(.text)
    GPIO_ReadOutputData                      0x08002219   Thumb Code     8  stm32f4xx_gpio.o(.text)
    GPIO_SetBits                             0x08002221   Thumb Code     4  stm32f4xx_gpio.o(.text)
    GPIO_ResetBits                           0x08002225   Thumb Code     4  stm32f4xx_gpio.o(.text)
    GPIO_WriteBit                            0x08002229   Thumb Code    10  stm32f4xx_gpio.o(.text)
    GPIO_Write                               0x08002233   Thumb Code     4  stm32f4xx_gpio.o(.text)
    GPIO_ToggleBits                          0x08002237   Thumb Code     8  stm32f4xx_gpio.o(.text)
    GPIO_PinAFConfig                         0x0800223f   Thumb Code    70  stm32f4xx_gpio.o(.text)
    PWR_DeInit                               0x080022b1   Thumb Code    22  stm32f4xx_pwr.o(.text)
    PWR_BackupAccessCmd                      0x080022c7   Thumb Code     6  stm32f4xx_pwr.o(.text)
    PWR_PVDLevelConfig                       0x080022cd   Thumb Code    18  stm32f4xx_pwr.o(.text)
    PWR_PVDCmd                               0x080022df   Thumb Code     6  stm32f4xx_pwr.o(.text)
    PWR_WakeUpPinCmd                         0x080022e5   Thumb Code     8  stm32f4xx_pwr.o(.text)
    PWR_BackupRegulatorCmd                   0x080022ed   Thumb Code     8  stm32f4xx_pwr.o(.text)
    PWR_MainRegulatorModeConfig              0x080022f5   Thumb Code    18  stm32f4xx_pwr.o(.text)
    PWR_OverDriveCmd                         0x08002307   Thumb Code     6  stm32f4xx_pwr.o(.text)
    PWR_OverDriveSWCmd                       0x0800230d   Thumb Code     6  stm32f4xx_pwr.o(.text)
    PWR_UnderDriveCmd                        0x08002313   Thumb Code    30  stm32f4xx_pwr.o(.text)
    PWR_MainRegulatorLowVoltageCmd           0x08002331   Thumb Code    18  stm32f4xx_pwr.o(.text)
    PWR_LowRegulatorLowVoltageCmd            0x08002343   Thumb Code    18  stm32f4xx_pwr.o(.text)
    PWR_FlashPowerDownCmd                    0x08002355   Thumb Code     6  stm32f4xx_pwr.o(.text)
    PWR_EnterSTOPMode                        0x0800235b   Thumb Code    58  stm32f4xx_pwr.o(.text)
    PWR_EnterUnderDriveSTOPMode              0x08002395   Thumb Code    58  stm32f4xx_pwr.o(.text)
    PWR_EnterSTANDBYMode                     0x080023cf   Thumb Code    32  stm32f4xx_pwr.o(.text)
    PWR_GetFlagStatus                        0x080023ef   Thumb Code    20  stm32f4xx_pwr.o(.text)
    PWR_ClearFlag                            0x08002403   Thumb Code    14  stm32f4xx_pwr.o(.text)
    RCC_DeInit                               0x0800241d   Thumb Code    82  stm32f4xx_rcc.o(.text)
    RCC_HSEConfig                            0x0800246f   Thumb Code    14  stm32f4xx_rcc.o(.text)
    RCC_GetFlagStatus                        0x0800247d   Thumb Code    60  stm32f4xx_rcc.o(.text)
    RCC_WaitForHSEStartUp                    0x080024b9   Thumb Code    56  stm32f4xx_rcc.o(.text)
    RCC_AdjustHSICalibrationValue            0x080024f1   Thumb Code    20  stm32f4xx_rcc.o(.text)
    RCC_HSICmd                               0x08002505   Thumb Code     6  stm32f4xx_rcc.o(.text)
    RCC_LSEConfig                            0x0800250b   Thumb Code    46  stm32f4xx_rcc.o(.text)
    RCC_LSICmd                               0x08002539   Thumb Code     6  stm32f4xx_rcc.o(.text)
    RCC_PLLConfig                            0x0800253f   Thumb Code    32  stm32f4xx_rcc.o(.text)
    RCC_PLLCmd                               0x0800255f   Thumb Code     6  stm32f4xx_rcc.o(.text)
    RCC_PLLI2SConfig                         0x08002565   Thumb Code    14  stm32f4xx_rcc.o(.text)
    RCC_PLLI2SCmd                            0x08002573   Thumb Code     6  stm32f4xx_rcc.o(.text)
    RCC_PLLSAIConfig                         0x08002579   Thumb Code    20  stm32f4xx_rcc.o(.text)
    RCC_PLLSAICmd                            0x0800258d   Thumb Code     6  stm32f4xx_rcc.o(.text)
    RCC_ClockSecuritySystemCmd               0x08002593   Thumb Code     6  stm32f4xx_rcc.o(.text)
    RCC_MCO1Config                           0x08002599   Thumb Code    28  stm32f4xx_rcc.o(.text)
    RCC_MCO2Config                           0x080025b5   Thumb Code    28  stm32f4xx_rcc.o(.text)
    RCC_SYSCLKConfig                         0x080025d1   Thumb Code    20  stm32f4xx_rcc.o(.text)
    RCC_GetSYSCLKSource                      0x080025e5   Thumb Code    12  stm32f4xx_rcc.o(.text)
    RCC_HCLKConfig                           0x080025f1   Thumb Code    20  stm32f4xx_rcc.o(.text)
    RCC_PCLK1Config                          0x08002605   Thumb Code    20  stm32f4xx_rcc.o(.text)
    RCC_PCLK2Config                          0x08002619   Thumb Code    22  stm32f4xx_rcc.o(.text)
    RCC_GetClocksFreq                        0x0800262f   Thumb Code   222  stm32f4xx_rcc.o(.text)
    RCC_RTCCLKConfig                         0x0800270d   Thumb Code    54  stm32f4xx_rcc.o(.text)
    RCC_RTCCLKCmd                            0x08002743   Thumb Code     8  stm32f4xx_rcc.o(.text)
    RCC_BackupResetCmd                       0x0800274b   Thumb Code     8  stm32f4xx_rcc.o(.text)
    RCC_I2SCLKConfig                         0x08002753   Thumb Code     6  stm32f4xx_rcc.o(.text)
    RCC_SAIPLLI2SClkDivConfig                0x08002759   Thumb Code    26  stm32f4xx_rcc.o(.text)
    RCC_SAIPLLSAIClkDivConfig                0x08002773   Thumb Code    28  stm32f4xx_rcc.o(.text)
    RCC_SAIBlockACLKConfig                   0x0800278f   Thumb Code    20  stm32f4xx_rcc.o(.text)
    RCC_SAIBlockBCLKConfig                   0x080027a3   Thumb Code    20  stm32f4xx_rcc.o(.text)
    RCC_LTDCCLKDivConfig                     0x080027b7   Thumb Code    20  stm32f4xx_rcc.o(.text)
    RCC_TIMCLKPresConfig                     0x080027cb   Thumb Code     6  stm32f4xx_rcc.o(.text)
    RCC_AHB1PeriphClockCmd                   0x080027d1   Thumb Code    34  stm32f4xx_rcc.o(.text)
    RCC_AHB2PeriphClockCmd                   0x080027f3   Thumb Code    78  stm32f4xx_rcc.o(.text)
    RCC_AHB3PeriphClockCmd                   0x08002841   Thumb Code    34  stm32f4xx_rcc.o(.text)
    RCC_APB1PeriphClockCmd                   0x08002863   Thumb Code    34  stm32f4xx_rcc.o(.text)
    RCC_APB2PeriphClockCmd                   0x08002885   Thumb Code    34  stm32f4xx_rcc.o(.text)
    RCC_AHB1PeriphResetCmd                   0x080028a7   Thumb Code    34  stm32f4xx_rcc.o(.text)
    RCC_AHB2PeriphResetCmd                   0x080028c9   Thumb Code    34  stm32f4xx_rcc.o(.text)
    RCC_AHB3PeriphResetCmd                   0x080028eb   Thumb Code    34  stm32f4xx_rcc.o(.text)
    RCC_APB1PeriphResetCmd                   0x0800290d   Thumb Code    34  stm32f4xx_rcc.o(.text)
    RCC_APB2PeriphResetCmd                   0x0800292f   Thumb Code    34  stm32f4xx_rcc.o(.text)
    RCC_AHB1PeriphClockLPModeCmd             0x08002951   Thumb Code    34  stm32f4xx_rcc.o(.text)
    RCC_AHB2PeriphClockLPModeCmd             0x08002973   Thumb Code    34  stm32f4xx_rcc.o(.text)
    RCC_AHB3PeriphClockLPModeCmd             0x08002995   Thumb Code    34  stm32f4xx_rcc.o(.text)
    RCC_APB1PeriphClockLPModeCmd             0x080029b7   Thumb Code    34  stm32f4xx_rcc.o(.text)
    RCC_APB2PeriphClockLPModeCmd             0x080029d9   Thumb Code    34  stm32f4xx_rcc.o(.text)
    RCC_LSEModeConfig                        0x080029fb   Thumb Code    40  stm32f4xx_rcc.o(.text)
    RCC_ITConfig                             0x08002a23   Thumb Code    34  stm32f4xx_rcc.o(.text)
    RCC_ClearFlag                            0x08002a45   Thumb Code    18  stm32f4xx_rcc.o(.text)
    RCC_GetITStatus                          0x08002a57   Thumb Code    22  stm32f4xx_rcc.o(.text)
    RCC_ClearITPendingBit                    0x08002a6d   Thumb Code     8  stm32f4xx_rcc.o(.text)
    SPI_I2S_DeInit                           0x08002a79   Thumb Code   152  stm32f4xx_spi.o(.text)
    SPI_Init                                 0x08002b11   Thumb Code    60  stm32f4xx_spi.o(.text)
    I2S_Init                                 0x08002b4d   Thumb Code   396  stm32f4xx_spi.o(.text)
    SPI_StructInit                           0x08002cd9   Thumb Code    24  stm32f4xx_spi.o(.text)
    I2S_StructInit                           0x08002cf1   Thumb Code    20  stm32f4xx_spi.o(.text)
    SPI_Cmd                                  0x08002d05   Thumb Code    24  stm32f4xx_spi.o(.text)
    I2S_Cmd                                  0x08002d1d   Thumb Code    24  stm32f4xx_spi.o(.text)
    SPI_DataSizeConfig                       0x08002d35   Thumb Code    18  stm32f4xx_spi.o(.text)
    SPI_BiDirectionalLineConfig              0x08002d47   Thumb Code    28  stm32f4xx_spi.o(.text)
    SPI_NSSInternalSoftwareConfig            0x08002d63   Thumb Code    30  stm32f4xx_spi.o(.text)
    SPI_SSOutputCmd                          0x08002d81   Thumb Code    24  stm32f4xx_spi.o(.text)
    SPI_TIModeCmd                            0x08002d99   Thumb Code    24  stm32f4xx_spi.o(.text)
    I2S_FullDuplexConfig                     0x08002db1   Thumb Code    80  stm32f4xx_spi.o(.text)
    SPI_I2S_ReceiveData                      0x08002e01   Thumb Code     6  stm32f4xx_spi.o(.text)
    SPI_I2S_SendData                         0x08002e07   Thumb Code     4  stm32f4xx_spi.o(.text)
    SPI_CalculateCRC                         0x08002e0b   Thumb Code    24  stm32f4xx_spi.o(.text)
    SPI_TransmitCRC                          0x08002e23   Thumb Code    10  stm32f4xx_spi.o(.text)
    SPI_GetCRC                               0x08002e2d   Thumb Code    16  stm32f4xx_spi.o(.text)
    SPI_GetCRCPolynomial                     0x08002e3d   Thumb Code     6  stm32f4xx_spi.o(.text)
    SPI_I2S_DMACmd                           0x08002e43   Thumb Code    18  stm32f4xx_spi.o(.text)
    SPI_I2S_ITConfig                         0x08002e55   Thumb Code    68  stm32f4xx_spi.o(.text)
    SPI_I2S_GetFlagStatus                    0x08002e99   Thumb Code    18  stm32f4xx_spi.o(.text)
    SPI_I2S_ClearFlag                        0x08002eab   Thumb Code     6  stm32f4xx_spi.o(.text)
    SPI_I2S_GetITStatus                      0x08002eb1   Thumb Code    52  stm32f4xx_spi.o(.text)
    SPI_I2S_ClearITPendingBit                0x08002ee5   Thumb Code    20  stm32f4xx_spi.o(.text)
    SYSCFG_DeInit                            0x08002ef9   Thumb Code    22  stm32f4xx_syscfg.o(.text)
    SYSCFG_MemoryRemapConfig                 0x08002f0f   Thumb Code     6  stm32f4xx_syscfg.o(.text)
    SYSCFG_MemorySwappingBank                0x08002f15   Thumb Code     6  stm32f4xx_syscfg.o(.text)
    SYSCFG_EXTILineConfig                    0x08002f1b   Thumb Code    66  stm32f4xx_syscfg.o(.text)
    SYSCFG_ETH_MediaInterfaceConfig          0x08002f5d   Thumb Code     8  stm32f4xx_syscfg.o(.text)
    SYSCFG_CompensationCellCmd               0x08002f65   Thumb Code     6  stm32f4xx_syscfg.o(.text)
    SYSCFG_GetCompensationCellStatus         0x08002f6b   Thumb Code    22  stm32f4xx_syscfg.o(.text)
    TIM_DeInit                               0x08002f8d   Thumb Code   346  stm32f4xx_tim.o(.text)
    TIM_TimeBaseInit                         0x080030e7   Thumb Code   104  stm32f4xx_tim.o(.text)
    TIM_TimeBaseStructInit                   0x0800314f   Thumb Code    18  stm32f4xx_tim.o(.text)
    TIM_PrescalerConfig                      0x08003161   Thumb Code     6  stm32f4xx_tim.o(.text)
    TIM_CounterModeConfig                    0x08003167   Thumb Code    18  stm32f4xx_tim.o(.text)
    TIM_SetCounter                           0x08003179   Thumb Code     4  stm32f4xx_tim.o(.text)
    TIM_SetAutoreload                        0x0800317d   Thumb Code     4  stm32f4xx_tim.o(.text)
    TIM_GetCounter                           0x08003181   Thumb Code     6  stm32f4xx_tim.o(.text)
    TIM_GetPrescaler                         0x08003187   Thumb Code     6  stm32f4xx_tim.o(.text)
    TIM_UpdateDisableConfig                  0x0800318d   Thumb Code    24  stm32f4xx_tim.o(.text)
    TIM_UpdateRequestConfig                  0x080031a5   Thumb Code    24  stm32f4xx_tim.o(.text)
    TIM_ARRPreloadConfig                     0x080031bd   Thumb Code    24  stm32f4xx_tim.o(.text)
    TIM_SelectOnePulseMode                   0x080031d5   Thumb Code    18  stm32f4xx_tim.o(.text)
    TIM_SetClockDivision                     0x080031e7   Thumb Code    18  stm32f4xx_tim.o(.text)
    TIM_Cmd                                  0x080031f9   Thumb Code    24  stm32f4xx_tim.o(.text)
    TIM_OC1Init                              0x08003211   Thumb Code   114  stm32f4xx_tim.o(.text)
    TIM_OC2Init                              0x08003283   Thumb Code   154  stm32f4xx_tim.o(.text)
    TIM_OC3Init                              0x0800331d   Thumb Code   204  stm32f4xx_tim.o(.text)
    TIM_OC4Init                              0x080033e9   Thumb Code   112  stm32f4xx_tim.o(.text)
    TIM_OCStructInit                         0x08003459   Thumb Code    20  stm32f4xx_tim.o(.text)
    TIM_SelectOCxM                           0x0800346d   Thumb Code    86  stm32f4xx_tim.o(.text)
    TIM_SetCompare1                          0x080034c3   Thumb Code     4  stm32f4xx_tim.o(.text)
    TIM_SetCompare2                          0x080034c7   Thumb Code     4  stm32f4xx_tim.o(.text)
    TIM_SetCompare3                          0x080034cb   Thumb Code     4  stm32f4xx_tim.o(.text)
    TIM_SetCompare4                          0x080034cf   Thumb Code     4  stm32f4xx_tim.o(.text)
    TIM_ForcedOC1Config                      0x080034d3   Thumb Code    18  stm32f4xx_tim.o(.text)
    TIM_ForcedOC2Config                      0x080034e5   Thumb Code    26  stm32f4xx_tim.o(.text)
    TIM_ForcedOC3Config                      0x080034ff   Thumb Code    18  stm32f4xx_tim.o(.text)
    TIM_ForcedOC4Config                      0x08003511   Thumb Code    26  stm32f4xx_tim.o(.text)
    TIM_OC1PreloadConfig                     0x0800352b   Thumb Code    18  stm32f4xx_tim.o(.text)
    TIM_OC2PreloadConfig                     0x0800353d   Thumb Code    26  stm32f4xx_tim.o(.text)
    TIM_OC3PreloadConfig                     0x08003557   Thumb Code    18  stm32f4xx_tim.o(.text)
    TIM_OC4PreloadConfig                     0x08003569   Thumb Code    26  stm32f4xx_tim.o(.text)
    TIM_OC1FastConfig                        0x08003583   Thumb Code    18  stm32f4xx_tim.o(.text)
    TIM_OC2FastConfig                        0x08003595   Thumb Code    26  stm32f4xx_tim.o(.text)
    TIM_OC3FastConfig                        0x080035af   Thumb Code    18  stm32f4xx_tim.o(.text)
    TIM_OC4FastConfig                        0x080035c1   Thumb Code    26  stm32f4xx_tim.o(.text)
    TIM_ClearOC1Ref                          0x080035db   Thumb Code    18  stm32f4xx_tim.o(.text)
    TIM_ClearOC2Ref                          0x080035ed   Thumb Code    24  stm32f4xx_tim.o(.text)
    TIM_ClearOC3Ref                          0x08003605   Thumb Code    18  stm32f4xx_tim.o(.text)
    TIM_ClearOC4Ref                          0x08003617   Thumb Code    24  stm32f4xx_tim.o(.text)
    TIM_OC1PolarityConfig                    0x0800362f   Thumb Code    18  stm32f4xx_tim.o(.text)
    TIM_OC1NPolarityConfig                   0x08003641   Thumb Code    18  stm32f4xx_tim.o(.text)
    TIM_OC2PolarityConfig                    0x08003653   Thumb Code    26  stm32f4xx_tim.o(.text)
    TIM_OC2NPolarityConfig                   0x0800366d   Thumb Code    26  stm32f4xx_tim.o(.text)
    TIM_OC3PolarityConfig                    0x08003687   Thumb Code    26  stm32f4xx_tim.o(.text)
    TIM_OC3NPolarityConfig                   0x080036a1   Thumb Code    26  stm32f4xx_tim.o(.text)
    TIM_OC4PolarityConfig                    0x080036bb   Thumb Code    26  stm32f4xx_tim.o(.text)
    TIM_CCxCmd                               0x080036d5   Thumb Code    30  stm32f4xx_tim.o(.text)
    TIM_CCxNCmd                              0x080036f3   Thumb Code    30  stm32f4xx_tim.o(.text)
    TIM_SetIC4Prescaler                      0x08003711   Thumb Code    26  stm32f4xx_tim.o(.text)
    TIM_SetIC3Prescaler                      0x0800377b   Thumb Code    18  stm32f4xx_tim.o(.text)
    TIM_SetIC2Prescaler                      0x080037d5   Thumb Code    26  stm32f4xx_tim.o(.text)
    TIM_SetIC1Prescaler                      0x08003849   Thumb Code    18  stm32f4xx_tim.o(.text)
    TIM_ICInit                               0x08003895   Thumb Code   110  stm32f4xx_tim.o(.text)
    TIM_ICStructInit                         0x08003903   Thumb Code    18  stm32f4xx_tim.o(.text)
    TIM_PWMIConfig                           0x08003915   Thumb Code   124  stm32f4xx_tim.o(.text)
    TIM_GetCapture1                          0x08003991   Thumb Code     6  stm32f4xx_tim.o(.text)
    TIM_GetCapture2                          0x08003997   Thumb Code     6  stm32f4xx_tim.o(.text)
    TIM_GetCapture3                          0x0800399d   Thumb Code     6  stm32f4xx_tim.o(.text)
    TIM_GetCapture4                          0x080039a3   Thumb Code     6  stm32f4xx_tim.o(.text)
    TIM_BDTRConfig                           0x080039a9   Thumb Code    32  stm32f4xx_tim.o(.text)
    TIM_BDTRStructInit                       0x080039c9   Thumb Code    18  stm32f4xx_tim.o(.text)
    TIM_CtrlPWMOutputs                       0x080039db   Thumb Code    30  stm32f4xx_tim.o(.text)
    TIM_SelectCOM                            0x080039f9   Thumb Code    24  stm32f4xx_tim.o(.text)
    TIM_CCPreloadControl                     0x08003a11   Thumb Code    24  stm32f4xx_tim.o(.text)
    TIM_ITConfig                             0x08003a29   Thumb Code    18  stm32f4xx_tim.o(.text)
    TIM_GenerateEvent                        0x08003a3b   Thumb Code     4  stm32f4xx_tim.o(.text)
    TIM_GetFlagStatus                        0x08003a3f   Thumb Code    18  stm32f4xx_tim.o(.text)
    TIM_ClearFlag                            0x08003a51   Thumb Code     6  stm32f4xx_tim.o(.text)
    TIM_GetITStatus                          0x08003a57   Thumb Code    34  stm32f4xx_tim.o(.text)
    TIM_ClearITPendingBit                    0x08003a79   Thumb Code     6  stm32f4xx_tim.o(.text)
    TIM_DMAConfig                            0x08003a7f   Thumb Code    10  stm32f4xx_tim.o(.text)
    TIM_DMACmd                               0x08003a89   Thumb Code    18  stm32f4xx_tim.o(.text)
    TIM_SelectCCDMA                          0x08003a9b   Thumb Code    24  stm32f4xx_tim.o(.text)
    TIM_InternalClockConfig                  0x08003ab3   Thumb Code    12  stm32f4xx_tim.o(.text)
    TIM_SelectInputTrigger                   0x08003abf   Thumb Code    18  stm32f4xx_tim.o(.text)
    TIM_ITRxExternalClockConfig              0x08003ad1   Thumb Code    24  stm32f4xx_tim.o(.text)
    TIM_TIxExternalClockConfig               0x08003ae9   Thumb Code    62  stm32f4xx_tim.o(.text)
    TIM_ETRConfig                            0x08003b27   Thumb Code    28  stm32f4xx_tim.o(.text)
    TIM_ETRClockMode1Config                  0x08003b43   Thumb Code    54  stm32f4xx_tim.o(.text)
    TIM_ETRClockMode2Config                  0x08003b79   Thumb Code    32  stm32f4xx_tim.o(.text)
    TIM_SelectOutputTrigger                  0x08003b99   Thumb Code    18  stm32f4xx_tim.o(.text)
    TIM_SelectSlaveMode                      0x08003bab   Thumb Code    18  stm32f4xx_tim.o(.text)
    TIM_SelectMasterSlaveMode                0x08003bbd   Thumb Code    18  stm32f4xx_tim.o(.text)
    TIM_EncoderInterfaceConfig               0x08003bcf   Thumb Code    66  stm32f4xx_tim.o(.text)
    TIM_SelectHallSensor                     0x08003c11   Thumb Code    24  stm32f4xx_tim.o(.text)
    TIM_RemapConfig                          0x08003c29   Thumb Code     6  stm32f4xx_tim.o(.text)
    USART_DeInit                             0x08003c31   Thumb Code   206  stm32f4xx_usart.o(.text)
    USART_Init                               0x08003cff   Thumb Code   204  stm32f4xx_usart.o(.text)
    USART_StructInit                         0x08003dcb   Thumb Code    24  stm32f4xx_usart.o(.text)
    USART_ClockInit                          0x08003de3   Thumb Code    32  stm32f4xx_usart.o(.text)
    USART_ClockStructInit                    0x08003e03   Thumb Code    12  stm32f4xx_usart.o(.text)
    USART_Cmd                                0x08003e0f   Thumb Code    24  stm32f4xx_usart.o(.text)
    USART_SetPrescaler                       0x08003e27   Thumb Code    16  stm32f4xx_usart.o(.text)
    USART_OverSampling8Cmd                   0x08003e37   Thumb Code    22  stm32f4xx_usart.o(.text)
    USART_OneBitMethodCmd                    0x08003e4d   Thumb Code    24  stm32f4xx_usart.o(.text)
    USART_SendData                           0x08003e65   Thumb Code     8  stm32f4xx_usart.o(.text)
    USART_ReceiveData                        0x08003e6d   Thumb Code    10  stm32f4xx_usart.o(.text)
    USART_SetAddress                         0x08003e77   Thumb Code    18  stm32f4xx_usart.o(.text)
    USART_ReceiverWakeUpCmd                  0x08003e89   Thumb Code    24  stm32f4xx_usart.o(.text)
    USART_WakeUpConfig                       0x08003ea1   Thumb Code    18  stm32f4xx_usart.o(.text)
    USART_LINBreakDetectLengthConfig         0x08003eb3   Thumb Code    18  stm32f4xx_usart.o(.text)
    USART_LINCmd                             0x08003ec5   Thumb Code    24  stm32f4xx_usart.o(.text)
    USART_SendBreak                          0x08003edd   Thumb Code    10  stm32f4xx_usart.o(.text)
    USART_HalfDuplexCmd                      0x08003ee7   Thumb Code    24  stm32f4xx_usart.o(.text)
    USART_SetGuardTime                       0x08003eff   Thumb Code    16  stm32f4xx_usart.o(.text)
    USART_SmartCardCmd                       0x08003f0f   Thumb Code    24  stm32f4xx_usart.o(.text)
    USART_SmartCardNACKCmd                   0x08003f27   Thumb Code    24  stm32f4xx_usart.o(.text)
    USART_IrDAConfig                         0x08003f3f   Thumb Code    18  stm32f4xx_usart.o(.text)
    USART_IrDACmd                            0x08003f51   Thumb Code    24  stm32f4xx_usart.o(.text)
    USART_DMACmd                             0x08003f69   Thumb Code    18  stm32f4xx_usart.o(.text)
    USART_ITConfig                           0x08003f7b   Thumb Code    74  stm32f4xx_usart.o(.text)
    USART_GetFlagStatus                      0x08003fc5   Thumb Code    26  stm32f4xx_usart.o(.text)
    USART_ClearFlag                          0x08003fdf   Thumb Code    18  stm32f4xx_usart.o(.text)
    USART_GetITStatus                        0x08003ff1   Thumb Code   118  stm32f4xx_usart.o(.text)
    USART_ClearITPendingBit                  0x08004067   Thumb Code    30  stm32f4xx_usart.o(.text)
    delay_init                               0x08004085   Thumb Code    52  delay.o(.text)
    delay_us                                 0x080040b9   Thumb Code    72  delay.o(.text)
    delay_xms                                0x08004101   Thumb Code    72  delay.o(.text)
    delay_ms                                 0x08004149   Thumb Code    56  delay.o(.text)
    _sys_exit                                0x08004189   Thumb Code     8  usart.o(.text)
    fputc                                    0x08004191   Thumb Code    52  usart.o(.text)
    uart_init                                0x080041c5   Thumb Code   124  usart.o(.text)
    USART1_IRQHandler                        0x08004241   Thumb Code     2  usart.o(.text)
    Adc_Init                                 0x08004255   Thumb Code   124  adc.o(.text)
    Get_Adc                                  0x080042d1   Thumb Code    44  adc.o(.text)
    Get_battery_volt                         0x080042fd   Thumb Code   100  adc.o(.text)
    Encoder_Init_TIM2                        0x08004389   Thumb Code   176  encoder.o(.text)
    Encoder_Init_TIM4                        0x08004439   Thumb Code   172  encoder.o(.text)
    Read_Encoder                             0x080044e5   Thumb Code    74  encoder.o(.text)
    TIM4_IRQHandler                          0x0800452f   Thumb Code    24  encoder.o(.text)
    TIM2_IRQHandler                          0x08004547   Thumb Code    24  encoder.o(.text)
    MiniBalance_EXTI_Init                    0x08004571   Thumb Code   120  exti.o(.text)
    KEY_Init                                 0x080045ed   Thumb Code    44  key.o(.text)
    click_N_Double                           0x08004619   Thumb Code   184  key.o(.text)
    click                                    0x080046d1   Thumb Code    38  key.o(.text)
    Long_Press                               0x080046f7   Thumb Code    72  key.o(.text)
    LED_Init                                 0x08004769   Thumb Code    60  led.o(.text)
    Led_Flash                                0x080047a5   Thumb Code    44  led.o(.text)
    MiniBalance_Motor_Init                   0x080047e1   Thumb Code   104  motor.o(.text)
    MiniBalance_PWM_Init                     0x08004849   Thumb Code   188  motor.o(.text)
    OLED_WR_Byte                             0x08004911   Thumb Code    82  oled.o(.text)
    OLED_Refresh_Gram                        0x08004963   Thumb Code    70  oled.o(.text)
    OLED_Display_On                          0x080049a9   Thumb Code    28  oled.o(.text)
    OLED_Display_Off                         0x080049c5   Thumb Code    28  oled.o(.text)
    OLED_Clear                               0x080049e1   Thumb Code    42  oled.o(.text)
    OLED_DrawPoint                           0x08004a0b   Thumb Code   100  oled.o(.text)
    OLED_ShowChar                            0x08004a6f   Thumb Code   158  oled.o(.text)
    oled_pow                                 0x08004b0d   Thumb Code    22  oled.o(.text)
    OLED_ShowNumber                          0x08004b23   Thumb Code   148  oled.o(.text)
    OLED_ShowString                          0x08004bb7   Thumb Code    68  oled.o(.text)
    OLED_Init                                0x08004bfb   Thumb Code   340  oled.o(.text)
    IIC_Init                                 0x08004d51   Thumb Code    62  ioi2c.o(.text)
    IIC_Start                                0x08004d8f   Thumb Code    90  ioi2c.o(.text)
    IIC_Stop                                 0x08004de9   Thumb Code    60  ioi2c.o(.text)
    IIC_Wait_Ack                             0x08004e25   Thumb Code    88  ioi2c.o(.text)
    IIC_Ack                                  0x08004e7d   Thumb Code    64  ioi2c.o(.text)
    IIC_NAck                                 0x08004ebd   Thumb Code    62  ioi2c.o(.text)
    IIC_Send_Byte                            0x08004efb   Thumb Code    88  ioi2c.o(.text)
    i2cWrite                                 0x08004f53   Thumb Code    96  ioi2c.o(.text)
    IIC_Read_Byte                            0x08004fb3   Thumb Code    94  ioi2c.o(.text)
    i2cRead                                  0x08005011   Thumb Code   118  ioi2c.o(.text)
    I2C_ReadOneByte                          0x08005087   Thumb Code    70  ioi2c.o(.text)
    IICreadBytes                             0x080050cd   Thumb Code   100  ioi2c.o(.text)
    IICwriteBytes                            0x08005131   Thumb Code    84  ioi2c.o(.text)
    IICreadByte                              0x08005185   Thumb Code    22  ioi2c.o(.text)
    IICwriteByte                             0x0800519b   Thumb Code    20  ioi2c.o(.text)
    IICwriteBits                             0x080051af   Thumb Code   106  ioi2c.o(.text)
    IICwriteBit                              0x08005219   Thumb Code    64  ioi2c.o(.text)
    uart2_init                               0x08005259   Thumb Code   162  usartx.o(.text)
    USART2_IRQHandler                        0x080052fb   Thumb Code    40  usartx.o(.text)
    yuan_beng_zhong_duan_han_shu             0x08005323   Thumb Code  1076  usartx.o(.text)
    STMFLASH_ReadWord                        0x08005785   Thumb Code     6  stmflash.o(.text)
    STMFLASH_GetFlashSector                  0x0800578b   Thumb Code   116  stmflash.o(.text)
    STMFLASH_Write                           0x080057ff   Thumb Code   146  stmflash.o(.text)
    STMFLASH_Read                            0x08005891   Thumb Code    32  stmflash.o(.text)
    Flash_Read                               0x080058b1   Thumb Code   196  stmflash.o(.text)
    Flash_Write                              0x08005975   Thumb Code   110  stmflash.o(.text)
    TIM3_Cap_Init                            0x08005a41   Thumb Code   210  timer.o(.text)
    Read_Distane                             0x08005b13   Thumb Code    94  timer.o(.text)
    TIM3_IRQHandler                          0x08005b71   Thumb Code   194  timer.o(.text)
    TIM8_Cap_Init                            0x08005c33   Thumb Code   218  timer.o(.text)
    TIM8_CC_IRQHandler                       0x08005d0d   Thumb Code   296  timer.o(.text)
    TIM8_UP_TIM13_IRQHandler                 0x08005e35   Thumb Code    12  timer.o(.text)
    CAN1_Mode_Init                           0x08005e8d   Thumb Code   474  can.o(.text)
    CAN1_Tx_Msg                              0x08006067   Thumb Code   296  can.o(.text)
    CAN1_Tx_Staus                            0x0800618f   Thumb Code   144  can.o(.text)
    CAN1_Msg_Pend                            0x0800621f   Thumb Code    36  can.o(.text)
    CAN1_Rx_Msg                              0x08006243   Thumb Code   244  can.o(.text)
    CAN1_RX0_IRQHandler                      0x08006337   Thumb Code   234  can.o(.text)
    CAN1_Send_Msg                            0x08006421   Thumb Code    66  can.o(.text)
    CAN1_Receive_Msg                         0x08006463   Thumb Code    66  can.o(.text)
    CAN1_Send_MsgTEST                        0x080064a5   Thumb Code    66  can.o(.text)
    CAN1_Send_Num                            0x080064e7   Thumb Code    64  can.o(.text)
    CAN1_SEND                                0x08006527   Thumb Code     2  can.o(.text)
    LED_SPI_WriteByte                        0x0800654d   Thumb Code    22  ws2811.o(.text)
    LED_SPI_SendBits                         0x08006563   Thumb Code    44  ws2811.o(.text)
    LED_SPI_SendPixel                        0x0800658f   Thumb Code    34  ws2811.o(.text)
    LED_SPI_Update                           0x080065b1   Thumb Code   148  ws2811.o(.text)
    WS2811_Breath                            0x08006645   Thumb Code    86  ws2811.o(.text)
    LED_SPI_LowLevel_Init                    0x0800669b   Thumb Code   280  ws2811.o(.text)
    WS_SetAll                                0x080067b3   Thumb Code    34  ws2811.o(.text)
    UnpackData                               0x080067f5   Thumb Code   124  deal_datapacket.o(.text)
    CheckSum                                 0x08006871   Thumb Code    38  deal_datapacket.o(.text)
    errcopy                                  0x08006897   Thumb Code    24  deal_datapacket.o(.text)
    importData                               0x080068af   Thumb Code   186  deal_datapacket.o(.text)
    Key                                      0x08006995   Thumb Code    78  control.o(.text)
    myabs                                    0x080069e3   Thumb Code    14  control.o(.text)
    Set_Pwm                                  0x080069f1   Thumb Code   164  control.o(.text)
    Turn_Off                                 0x08006a95   Thumb Code    96  control.o(.text)
    Xianfu_Pwm                               0x08006af5   Thumb Code    62  control.o(.text)
    turn                                     0x08006b33   Thumb Code   416  control.o(.text)
    velocity                                 0x08006cd3   Thumb Code   788  control.o(.text)
    balance                                  0x08006fe7   Thumb Code   112  control.o(.text)
    Get_Angle                                0x08007057   Thumb Code   676  control.o(.text)
    EXTI15_10_IRQHandler                     0x080072fb   Thumb Code   388  control.o(.text)
    Pick_Up                                  0x0800747f   Thumb Code   224  control.o(.text)
    Put_Down                                 0x0800755f   Thumb Code   146  control.o(.text)
    Get_MC6                                  0x080075f1   Thumb Code   572  control.o(.text)
    Connection_test                          0x0800782d   Thumb Code   122  control.o(.text)
    Float2Byte                               0x080078d1   Thumb Code    28  datascope_dp.o(.text)
    DataScope_Get_Channel_Data               0x080078ed   Thumb Code   162  datascope_dp.o(.text)
    DataScope_Data_Generate                  0x0800798f   Thumb Code   148  datascope_dp.o(.text)
    Kalman_Filter                            0x08007a29   Thumb Code   580  filter.o(.text)
    Yijielvbo                                0x08007c6d   Thumb Code    50  filter.o(.text)
    oled_show                                0x08007cf1   Thumb Code   616  show.o(.text)
    APP_Show                                 0x08007f59   Thumb Code   330  show.o(.text)
    DataScope                                0x080080a3   Thumb Code   508  show.o(.text)
    MPU6050_newValues                        0x080083cf   Thumb Code   494  mpu6050.o(.text)
    MPU6050_setClockSource                   0x080085bd   Thumb Code    20  mpu6050.o(.text)
    MPU6050_setFullScaleGyroRange            0x080085d1   Thumb Code    20  mpu6050.o(.text)
    MPU6050_setFullScaleAccelRange           0x080085e5   Thumb Code    20  mpu6050.o(.text)
    MPU6050_setSleepEnabled                  0x080085f9   Thumb Code    18  mpu6050.o(.text)
    MPU6050_getDeviceID                      0x0800860b   Thumb Code    20  mpu6050.o(.text)
    MPU6050_testConnection                   0x0800861f   Thumb Code    18  mpu6050.o(.text)
    MPU6050_setI2CMasterModeEnabled          0x08008631   Thumb Code    18  mpu6050.o(.text)
    MPU6050_setI2CBypassEnabled              0x08008643   Thumb Code    18  mpu6050.o(.text)
    MPU6050_initialize                       0x08008655   Thumb Code    40  mpu6050.o(.text)
    DMP_Init                                 0x0800867d   Thumb Code   210  mpu6050.o(.text)
    Read_DMP                                 0x0800874f   Thumb Code   842  mpu6050.o(.text)
    Read_Temperature                         0x08008a99   Thumb Code   108  mpu6050.o(.text)
    mpu_reg_dump                             0x08008bbf   Thumb Code    72  inv_mpu.o(.text)
    mpu_read_reg                             0x08008c07   Thumb Code    66  inv_mpu.o(.text)
    mpu_set_int_latched                      0x08008c49   Thumb Code   102  inv_mpu.o(.text)
    mpu_set_sensors                          0x08008caf   Thumb Code   202  inv_mpu.o(.text)
    mpu_set_bypass                           0x08008d79   Thumb Code   328  inv_mpu.o(.text)
    mpu_reset_fifo                           0x08008ec1   Thumb Code   444  inv_mpu.o(.text)
    mpu_configure_fifo                       0x0800907d   Thumb Code   106  inv_mpu.o(.text)
    mpu_set_lpf                              0x080090e7   Thumb Code   126  inv_mpu.o(.text)
    mpu_lp_accel_mode                        0x08009165   Thumb Code   218  inv_mpu.o(.text)
    mpu_set_sample_rate                      0x0800923f   Thumb Code   152  inv_mpu.o(.text)
    mpu_set_accel_fsr                        0x080092d7   Thumb Code   132  inv_mpu.o(.text)
    mpu_set_gyro_fsr                         0x0800935b   Thumb Code   132  inv_mpu.o(.text)
    mpu_init                                 0x080093df   Thumb Code   416  inv_mpu.o(.text)
    myget_ms                                 0x0800957f   Thumb Code     2  inv_mpu.o(.text)
    mpu_get_gyro_reg                         0x08009581   Thumb Code   110  inv_mpu.o(.text)
    mpu_get_accel_reg                        0x080095ef   Thumb Code   110  inv_mpu.o(.text)
    mpu_get_temperature                      0x0800965d   Thumb Code   142  inv_mpu.o(.text)
    mpu_set_accel_bias                       0x080096eb   Thumb Code   472  inv_mpu.o(.text)
    mpu_get_gyro_fsr                         0x080098c3   Thumb Code    64  inv_mpu.o(.text)
    mpu_get_accel_fsr                        0x08009903   Thumb Code    72  inv_mpu.o(.text)
    mpu_get_lpf                              0x0800994b   Thumb Code    74  inv_mpu.o(.text)
    mpu_get_sample_rate                      0x08009995   Thumb Code    26  inv_mpu.o(.text)
    mpu_get_compass_sample_rate              0x080099af   Thumb Code    10  inv_mpu.o(.text)
    mpu_set_compass_sample_rate              0x080099b9   Thumb Code     8  inv_mpu.o(.text)
    mpu_get_gyro_sens                        0x080099c1   Thumb Code    74  inv_mpu.o(.text)
    mpu_get_accel_sens                       0x08009a0b   Thumb Code    78  inv_mpu.o(.text)
    mpu_get_fifo_config                      0x08009a59   Thumb Code    12  inv_mpu.o(.text)
    mpu_get_power_state                      0x08009a65   Thumb Code    22  inv_mpu.o(.text)
    mpu_get_int_status                       0x08009a7b   Thumb Code    64  inv_mpu.o(.text)
    mpu_read_fifo                            0x08009abb   Thumb Code   520  inv_mpu.o(.text)
    mpu_read_fifo_stream                     0x08009cc3   Thumb Code   186  inv_mpu.o(.text)
    mpu_set_int_level                        0x08009d7d   Thumb Code    12  inv_mpu.o(.text)
    mpu_set_dmp_state                        0x0800a48d   Thumb Code   138  inv_mpu.o(.text)
    mpu_run_self_test                        0x0800a517   Thumb Code   278  inv_mpu.o(.text)
    mpu_write_mem                            0x0800a62d   Thumb Code   122  inv_mpu.o(.text)
    mpu_read_mem                             0x0800a6a7   Thumb Code   122  inv_mpu.o(.text)
    mpu_load_firmware                        0x0800a721   Thumb Code   190  inv_mpu.o(.text)
    mpu_get_dmp_state                        0x0800a7df   Thumb Code    14  inv_mpu.o(.text)
    mpu_get_compass_reg                      0x0800a7ed   Thumb Code     8  inv_mpu.o(.text)
    mpu_get_compass_fsr                      0x0800a7f5   Thumb Code     8  inv_mpu.o(.text)
    mpu_lp_motion_interrupt                  0x0800a7fd   Thumb Code   512  inv_mpu.o(.text)
    dmp_load_motion_driver_firmware          0x0800aa01   Thumb Code    20  inv_mpu_dmp_motion_driver.o(.text)
    dmp_set_orientation                      0x0800aa15   Thumb Code   290  inv_mpu_dmp_motion_driver.o(.text)
    dmp_set_gyro_bias                        0x0800ab37   Thumb Code   294  inv_mpu_dmp_motion_driver.o(.text)
    dmp_set_accel_bias                       0x0800ac5d   Thumb Code   300  inv_mpu_dmp_motion_driver.o(.text)
    dmp_set_fifo_rate                        0x0800ad89   Thumb Code   136  inv_mpu_dmp_motion_driver.o(.text)
    dmp_get_fifo_rate                        0x0800ae11   Thumb Code    12  inv_mpu_dmp_motion_driver.o(.text)
    dmp_set_tap_thresh                       0x0800ae1d   Thumb Code   412  inv_mpu_dmp_motion_driver.o(.text)
    dmp_set_tap_axes                         0x0800afb9   Thumb Code    70  inv_mpu_dmp_motion_driver.o(.text)
    dmp_set_tap_count                        0x0800afff   Thumb Code    38  inv_mpu_dmp_motion_driver.o(.text)
    dmp_set_tap_time                         0x0800b025   Thumb Code    38  inv_mpu_dmp_motion_driver.o(.text)
    dmp_set_tap_time_multi                   0x0800b04b   Thumb Code    38  inv_mpu_dmp_motion_driver.o(.text)
    dmp_set_shake_reject_thresh              0x0800b071   Thumb Code    56  inv_mpu_dmp_motion_driver.o(.text)
    dmp_set_shake_reject_time                0x0800b0a9   Thumb Code    38  inv_mpu_dmp_motion_driver.o(.text)
    dmp_set_shake_reject_timeout             0x0800b0cf   Thumb Code    38  inv_mpu_dmp_motion_driver.o(.text)
    dmp_get_pedometer_step_count             0x0800b0f5   Thumb Code    66  inv_mpu_dmp_motion_driver.o(.text)
    dmp_set_pedometer_step_count             0x0800b137   Thumb Code    42  inv_mpu_dmp_motion_driver.o(.text)
    dmp_get_pedometer_walk_time              0x0800b161   Thumb Code    72  inv_mpu_dmp_motion_driver.o(.text)
    dmp_set_pedometer_walk_time              0x0800b1a9   Thumb Code    48  inv_mpu_dmp_motion_driver.o(.text)
    dmp_enable_6x_lp_quat                    0x0800b1d9   Thumb Code   100  inv_mpu_dmp_motion_driver.o(.text)
    dmp_enable_lp_quat                       0x0800b23d   Thumb Code    60  inv_mpu_dmp_motion_driver.o(.text)
    dmp_enable_gyro_cal                      0x0800b279   Thumb Code    62  inv_mpu_dmp_motion_driver.o(.text)
    dmp_enable_feature                       0x0800b2b7   Thumb Code   530  inv_mpu_dmp_motion_driver.o(.text)
    dmp_get_enabled_features                 0x0800b4c9   Thumb Code    12  inv_mpu_dmp_motion_driver.o(.text)
    dmp_set_interrupt_mode                   0x0800b533   Thumb Code    66  inv_mpu_dmp_motion_driver.o(.text)
    dmp_read_fifo                            0x0800b575   Thumb Code   514  inv_mpu_dmp_motion_driver.o(.text)
    dmp_register_tap_cb                      0x0800b777   Thumb Code    10  inv_mpu_dmp_motion_driver.o(.text)
    dmp_register_android_orient_cb           0x0800b781   Thumb Code    10  inv_mpu_dmp_motion_driver.o(.text)
    __use_no_semihosting                     0x0800b791   Thumb Code     2  use_no_semi_2.o(.text)
    __aeabi_ldivmod                          0x0800b793   Thumb Code     0  llsdiv.o(.text)
    _ll_sdiv                                 0x0800b793   Thumb Code    72  llsdiv.o(.text)
    __2printf                                0x0800b7dd   Thumb Code    20  noretval__2printf.o(.text)
    __printf                                 0x0800b7f5   Thumb Code   104  __printf.o(.text)
    _printf_int_dec                          0x0800b85d   Thumb Code   104  _printf_dec.o(.text)
    memcmp                                   0x0800b8d5   Thumb Code    88  memcmp.o(.text)
    __aeabi_memset                           0x0800b92d   Thumb Code    16  aeabi_memset.o(.text)
    __aeabi_memclr                           0x0800b93d   Thumb Code     0  rt_memclr.o(.text)
    __rt_memclr                              0x0800b93d   Thumb Code    68  rt_memclr.o(.text)
    _memset                                  0x0800b941   Thumb Code     0  rt_memclr.o(.text)
    __use_two_region_memory                  0x0800b981   Thumb Code     2  heapauxi.o(.text)
    __rt_heap_escrow$2region                 0x0800b983   Thumb Code     2  heapauxi.o(.text)
    __rt_heap_expand$2region                 0x0800b985   Thumb Code     2  heapauxi.o(.text)
    __I$use$semihosting                      0x0800b987   Thumb Code     0  use_no_semi.o(.text)
    __use_no_semihosting_swi                 0x0800b987   Thumb Code     2  use_no_semi.o(.text)
    __aeabi_uldivmod                         0x0800b989   Thumb Code     0  lludivv7m.o(.text)
    _ll_udiv                                 0x0800b989   Thumb Code   238  lludivv7m.o(.text)
    __read_errno                             0x0800ba77   Thumb Code    10  _rserrno.o(.text)
    __set_errno                              0x0800ba81   Thumb Code    12  _rserrno.o(.text)
    _printf_int_common                       0x0800ba8d   Thumb Code   178  _printf_intcommon.o(.text)
    _printf_char_file                        0x0800bb41   Thumb Code    32  _printf_char_file.o(.text)
    __aeabi_memclr4                          0x0800bb65   Thumb Code     0  rt_memclr_w.o(.text)
    __aeabi_memclr8                          0x0800bb65   Thumb Code     0  rt_memclr_w.o(.text)
    __rt_memclr_w                            0x0800bb65   Thumb Code    78  rt_memclr_w.o(.text)
    _memset_w                                0x0800bb69   Thumb Code     0  rt_memclr_w.o(.text)
    __aeabi_errno_addr                       0x0800bbb5   Thumb Code     8  rt_errno_addr_intlibspace.o(.text)
    __errno$intlibspace                      0x0800bbb5   Thumb Code     0  rt_errno_addr_intlibspace.o(.text)
    __rt_errno_addr$intlibspace              0x0800bbb5   Thumb Code     0  rt_errno_addr_intlibspace.o(.text)
    _printf_char_common                      0x0800bbc7   Thumb Code    32  _printf_char_common.o(.text)
    ferror                                   0x0800bbed   Thumb Code     8  ferror.o(.text)
    __user_libspace                          0x0800bbf5   Thumb Code     8  libspace.o(.text)
    __user_perproc_libspace                  0x0800bbf5   Thumb Code     0  libspace.o(.text)
    __user_perthread_libspace                0x0800bbf5   Thumb Code     0  libspace.o(.text)
    __user_setup_stackheap                   0x0800bbfd   Thumb Code    74  sys_stackheap_outer.o(.text)
    exit                                     0x0800bc47   Thumb Code    18  exit.o(.text)
    __ARM_fpclassify                         0x0800bc59   Thumb Code    48  fpclassify.o(i.__ARM_fpclassify)
    __hardfp_asin                            0x0800bc89   Thumb Code   770  asin.o(i.__hardfp_asin)
    __hardfp_atan                            0x0800bfe9   Thumb Code   622  atan.o(i.__hardfp_atan)
    __hardfp_atan2                           0x0800c2c1   Thumb Code   432  atan2.o(i.__hardfp_atan2)
    __hardfp_pow                             0x0800c4b1   Thumb Code  3072  pow.o(i.__hardfp_pow)
    __kernel_poly                            0x0800d101   Thumb Code   248  poly.o(i.__kernel_poly)
    __mathlib_dbl_divzero                    0x0800d1f9   Thumb Code    28  dunder.o(i.__mathlib_dbl_divzero)
    __mathlib_dbl_infnan                     0x0800d229   Thumb Code    20  dunder.o(i.__mathlib_dbl_infnan)
    __mathlib_dbl_infnan2                    0x0800d23d   Thumb Code    20  dunder.o(i.__mathlib_dbl_infnan2)
    __mathlib_dbl_invalid                    0x0800d251   Thumb Code    24  dunder.o(i.__mathlib_dbl_invalid)
    __mathlib_dbl_overflow                   0x0800d271   Thumb Code    24  dunder.o(i.__mathlib_dbl_overflow)
    __mathlib_dbl_underflow                  0x0800d291   Thumb Code    24  dunder.o(i.__mathlib_dbl_underflow)
    atan                                     0x0800d2b1   Thumb Code    16  atan.o(i.atan)
    fabs                                     0x0800d2c1   Thumb Code    24  fabs.o(i.fabs)
    sqrt                                     0x0800d2d9   Thumb Code   110  sqrt.o(i.sqrt)
    __aeabi_dneg                             0x0800d347   Thumb Code     0  basic.o(x$fpl$basic)
    _dneg                                    0x0800d347   Thumb Code     6  basic.o(x$fpl$basic)
    __aeabi_fneg                             0x0800d34d   Thumb Code     0  basic.o(x$fpl$basic)
    _fneg                                    0x0800d34d   Thumb Code     6  basic.o(x$fpl$basic)
    _dabs                                    0x0800d353   Thumb Code     6  basic.o(x$fpl$basic)
    _fabs                                    0x0800d359   Thumb Code     6  basic.o(x$fpl$basic)
    __aeabi_d2f                              0x0800d361   Thumb Code     0  d2f.o(x$fpl$d2f)
    _d2f                                     0x0800d361   Thumb Code    98  d2f.o(x$fpl$d2f)
    __aeabi_dadd                             0x0800d3c5   Thumb Code     0  daddsub_clz.o(x$fpl$dadd)
    _dadd                                    0x0800d3c5   Thumb Code   332  daddsub_clz.o(x$fpl$dadd)
    __fpl_dcheck_NaN1                        0x0800d515   Thumb Code    10  dcheck1.o(x$fpl$dcheck1)
    __fpl_dcmp_Inf                           0x0800d525   Thumb Code    24  dcmpi.o(x$fpl$dcmpinf)
    __aeabi_ddiv                             0x0800d53d   Thumb Code     0  ddiv.o(x$fpl$ddiv)
    _ddiv                                    0x0800d53d   Thumb Code   552  ddiv.o(x$fpl$ddiv)
    __aeabi_d2iz                             0x0800d7ed   Thumb Code     0  dfix.o(x$fpl$dfix)
    _dfix                                    0x0800d7ed   Thumb Code    94  dfix.o(x$fpl$dfix)
    __aeabi_d2uiz                            0x0800d84d   Thumb Code     0  dfixu.o(x$fpl$dfixu)
    _dfixu                                   0x0800d84d   Thumb Code    90  dfixu.o(x$fpl$dfixu)
    __aeabi_i2d                              0x0800d8a7   Thumb Code     0  dflt_clz.o(x$fpl$dflt)
    _dflt                                    0x0800d8a7   Thumb Code    46  dflt_clz.o(x$fpl$dflt)
    __aeabi_ui2d                             0x0800d8d5   Thumb Code     0  dflt_clz.o(x$fpl$dfltu)
    _dfltu                                   0x0800d8d5   Thumb Code    38  dflt_clz.o(x$fpl$dfltu)
    __aeabi_cdcmple                          0x0800d8fd   Thumb Code     0  dleqf.o(x$fpl$dleqf)
    _dcmple                                  0x0800d8fd   Thumb Code   120  dleqf.o(x$fpl$dleqf)
    __fpl_dcmple_InfNaN                      0x0800d95f   Thumb Code     0  dleqf.o(x$fpl$dleqf)
    __aeabi_dmul                             0x0800d975   Thumb Code     0  dmul.o(x$fpl$dmul)
    _dmul                                    0x0800d975   Thumb Code   332  dmul.o(x$fpl$dmul)
    __fpl_dnaninf                            0x0800dac9   Thumb Code   156  dnaninf.o(x$fpl$dnaninf)
    __fpl_dretinf                            0x0800db65   Thumb Code    12  dretinf.o(x$fpl$dretinf)
    __aeabi_cdrcmple                         0x0800db71   Thumb Code     0  drleqf.o(x$fpl$drleqf)
    _drcmple                                 0x0800db71   Thumb Code   108  drleqf.o(x$fpl$drleqf)
    __aeabi_drsub                            0x0800dbdd   Thumb Code     0  daddsub_clz.o(x$fpl$drsb)
    _drsb                                    0x0800dbdd   Thumb Code    22  daddsub_clz.o(x$fpl$drsb)
    _dsqrt                                   0x0800dbf5   Thumb Code   404  dsqrt_umaal.o(x$fpl$dsqrt)
    __aeabi_dsub                             0x0800dd8d   Thumb Code     0  daddsub_clz.o(x$fpl$dsub)
    _dsub                                    0x0800dd8d   Thumb Code   464  daddsub_clz.o(x$fpl$dsub)
    __aeabi_f2d                              0x0800df61   Thumb Code     0  f2d.o(x$fpl$f2d)
    _f2d                                     0x0800df61   Thumb Code    86  f2d.o(x$fpl$f2d)
    __fpl_fnaninf                            0x0800dfb7   Thumb Code   140  fnaninf.o(x$fpl$fnaninf)
    _fp_init                                 0x0800e043   Thumb Code    10  fpinit.o(x$fpl$fpinit)
    __fplib_config_fpu_vfp                   0x0800e04b   Thumb Code     0  fpinit.o(x$fpl$fpinit)
    __fplib_config_pureend_doubles           0x0800e04b   Thumb Code     0  fpinit.o(x$fpl$fpinit)
    __fpl_fretinf                            0x0800e04d   Thumb Code    10  fretinf.o(x$fpl$fretinf)
    __fpl_return_NaN                         0x0800e057   Thumb Code   100  retnan.o(x$fpl$retnan)
    __ARM_scalbn                             0x0800e0bb   Thumb Code    92  scalbn.o(x$fpl$scalbn)
    __fpl_cmpreturn                          0x0800e117   Thumb Code    48  trapv.o(x$fpl$trapveneer)
    __I$use$fp                               0x0800e146   Number         0  usenofp.o(x$fpl$usenofp)
    oled_asc2_1206                           0x0800e146   Data        1140  oled.o(.constdata)
    oled_asc2_1608                           0x0800e5ba   Data        1520  oled.o(.constdata)
    hw                                       0x0800ebac   Data          12  inv_mpu.o(.constdata)
    reg                                      0x0800ebb8   Data          27  inv_mpu.o(.constdata)
    test                                     0x0800ebd4   Data          40  inv_mpu.o(.constdata)
    __mathlib_zero                           0x0800f968   Data           8  qnan.o(.constdata)
    Region$$Table$$Base                      0x0800f9c0   Number         0  anon$$obj.o(Region$$Table)
    Region$$Table$$Limit                     0x0800f9e0   Number         0  anon$$obj.o(Region$$Table)
    Way_Angle                                0x20000000   Data           1  main.o(.data)
    Flag_Qian                                0x20000001   Data           1  main.o(.data)
    Flag_Hou                                 0x20000002   Data           1  main.o(.data)
    Flag_Left                                0x20000003   Data           1  main.o(.data)
    Flag_Right                               0x20000004   Data           1  main.o(.data)
    Flag_sudu                                0x20000005   Data           1  main.o(.data)
    Flag_Stop                                0x20000006   Data           1  main.o(.data)
    Flag_Show                                0x20000007   Data           1  main.o(.data)
    Flag_Hover                               0x20000008   Data           1  main.o(.data)
    Encoder_Left                             0x2000000c   Data           4  main.o(.data)
    Encoder_Right                            0x20000010   Data           4  main.o(.data)
    Moto1                                    0x20000014   Data           4  main.o(.data)
    Moto2                                    0x20000018   Data           4  main.o(.data)
    Temperature                              0x2000001c   Data           4  main.o(.data)
    Voltage                                  0x20000020   Data           4  main.o(.data)
    Angle_Balance                            0x20000024   Data           4  main.o(.data)
    Gyro_Balance                             0x20000028   Data           4  main.o(.data)
    Gyro_Turn                                0x2000002c   Data           4  main.o(.data)
    Show_Data_Mb                             0x20000030   Data           4  main.o(.data)
    Distance                                 0x20000034   Data           4  main.o(.data)
    delay_50                                 0x20000038   Data           1  main.o(.data)
    delay_flag                               0x20000039   Data           1  main.o(.data)
    Bi_zhang                                 0x2000003a   Data           1  main.o(.data)
    PID_Send                                 0x2000003b   Data           1  main.o(.data)
    Flash_Send                               0x2000003c   Data           1  main.o(.data)
    Acceleration_Z                           0x20000040   Data           4  main.o(.data)
    Balance_Kp                               0x20000044   Data           4  main.o(.data)
    Balance_Kd                               0x20000048   Data           4  main.o(.data)
    Velocity_Kp                              0x2000004c   Data           4  main.o(.data)
    Velocity_Ki                              0x20000050   Data           4  main.o(.data)
    Zhongzhi                                 0x20000054   Data           4  main.o(.data)
    Remoter_Ch1                              0x20000058   Data           4  main.o(.data)
    Remoter_Ch2                              0x2000005c   Data           4  main.o(.data)
    SystemCoreClock                          0x20000060   Data           4  system_stm32f4xx.o(.data)
    AHBPrescTable                            0x20000064   Data          16  system_stm32f4xx.o(.data)
    __stdout                                 0x20000088   Data           4  usart.o(.data)
    Usart2_Receive                           0x200000a0   Data           1  usartx.o(.data)
    TIM3CH3_CAPTURE_STA                      0x200000b0   Data           2  timer.o(.data)
    TIM3CH3_CAPTURE_VAL                      0x200000b2   Data           2  timer.o(.data)
    TIM8CH1_CAPTURE_STA                      0x200000b4   Data           1  timer.o(.data)
    TIM8CH1_CAPTURE_UPVAL                    0x200000b6   Data           2  timer.o(.data)
    TIM8CH1_CAPTURE_DOWNVAL                  0x200000b8   Data           2  timer.o(.data)
    TIM8CH2_CAPTURE_STA                      0x200000ba   Data           1  timer.o(.data)
    TIM8CH2_CAPTURE_UPVAL                    0x200000bc   Data           2  timer.o(.data)
    TIM8CH2_CAPTURE_DOWNVAL                  0x200000be   Data           2  timer.o(.data)
    TIM8CH3_CAPTURE_STA                      0x200000c0   Data           1  timer.o(.data)
    TIM8CH3_CAPTURE_UPVAL                    0x200000c2   Data           2  timer.o(.data)
    TIM8CH3_CAPTURE_DOWNVAL                  0x200000c4   Data           2  timer.o(.data)
    TIM8CH4_CAPTURE_STA                      0x200000c6   Data           1  timer.o(.data)
    TIM8CH4_CAPTURE_UPVAL                    0x200000c8   Data           2  timer.o(.data)
    TIM8CH4_CAPTURE_DOWNVAL                  0x200000ca   Data           2  timer.o(.data)
    TIM8_T1                                  0x200000cc   Data           4  timer.o(.data)
    TIM8_T2                                  0x200000d0   Data           4  timer.o(.data)
    TIM8_T3                                  0x200000d4   Data           4  timer.o(.data)
    TIM8_T4                                  0x200000d8   Data           4  timer.o(.data)
    PixelPointer                             0x200000dc   Data           2  ws2811.o(.data)
    WsDat                                    0x200000e0   Data          48  ws2811.o(.data)
    dataPID                                  0x20000114   Data           1  deal_datapacket.o(.data)
    err_cnt                                  0x20000118   Data           4  deal_datapacket.o(.data)
    rxcnt                                    0x2000011c   Data           1  deal_datapacket.o(.data)
    RcvStatus                                0x2000011d   Data           1  deal_datapacket.o(.data)
    Balance_Pwm                              0x20000120   Data           4  control.o(.data)
    Velocity_Pwm                             0x20000124   Data           4  control.o(.data)
    Turn_Pwm                                 0x20000128   Data           4  control.o(.data)
    Flag_Target                              0x2000012c   Data           1  control.o(.data)
    Flash_R_Count                            0x20000130   Data           4  control.o(.data)
    Voltage_Temp                             0x20000134   Data           4  control.o(.data)
    Voltage_Count                            0x20000138   Data           4  control.o(.data)
    Voltage_All                              0x2000013c   Data           4  control.o(.data)
    dataPID_Last                             0x20000140   Data           1  control.o(.data)
    K1                                       0x20000180   Data           4  filter.o(.data)
    angle                                    0x20000184   Data           4  filter.o(.data)
    angle_dot                                0x20000188   Data           4  filter.o(.data)
    Q_angle                                  0x2000018c   Data           4  filter.o(.data)
    Q_gyro                                   0x20000190   Data           4  filter.o(.data)
    R_angle                                  0x20000194   Data           4  filter.o(.data)
    dt                                       0x20000198   Data           4  filter.o(.data)
    C_0                                      0x2000019c   Data           1  filter.o(.data)
    Q_bias                                   0x200001a0   Data           4  filter.o(.data)
    Angle_err                                0x200001a4   Data           4  filter.o(.data)
    PCt_0                                    0x200001a8   Data           4  filter.o(.data)
    PCt_1                                    0x200001ac   Data           4  filter.o(.data)
    E                                        0x200001b0   Data           4  filter.o(.data)
    K_0                                      0x200001b4   Data           4  filter.o(.data)
    K_1                                      0x200001b8   Data           4  filter.o(.data)
    t_0                                      0x200001bc   Data           4  filter.o(.data)
    t_1                                      0x200001c0   Data           4  filter.o(.data)
    PP                                       0x200001c4   Data          16  filter.o(.data)
    i                                        0x200001d4   Data           1  show.o(.data)
    Send_Count                               0x200001d5   Data           1  show.o(.data)
    Vol                                      0x200001d8   Data           4  show.o(.data)
    encoder_Integral                         0x200001dc   Data           4  show.o(.data)
    gyro                                     0x200001e4   Data           6  mpu6050.o(.data)
    accel                                    0x200001ea   Data           6  mpu6050.o(.data)
    sensors                                  0x200001f0   Data           2  mpu6050.o(.data)
    Pitch                                    0x200001f4   Data           4  mpu6050.o(.data)
    Roll                                     0x200001f8   Data           4  mpu6050.o(.data)
    q0                                       0x200001fc   Data           4  mpu6050.o(.data)
    q1                                       0x20000200   Data           4  mpu6050.o(.data)
    q2                                       0x20000204   Data           4  mpu6050.o(.data)
    q3                                       0x20000208   Data           4  mpu6050.o(.data)
    Gx_offset                                0x20000216   Data           2  mpu6050.o(.data)
    Gy_offset                                0x20000218   Data           2  mpu6050.o(.data)
    Gz_offset                                0x2000021a   Data           2  mpu6050.o(.data)
    PID_Parameter                            0x20000248   Data          20  main.o(.bss)
    Flash_Parameter                          0x2000025c   Data          20  main.o(.bss)
    OLED_GRAM                                0x20000270   Data        1024  oled.o(.bss)
    PixelBuffer                              0x200006a2   Data         656  ws2811.o(.bss)
    errbufs                                  0x20000932   Data         270  deal_datapacket.o(.bss)
    rxbuf                                    0x20000a40   Data           9  deal_datapacket.o(.bss)
    DataScope_OutPut_Buffer                  0x20000a49   Data          42  datascope_dp.o(.bss)
    Pdot                                     0x20000a74   Data          16  filter.o(.bss)
    buffer                                   0x20000a84   Data          14  mpu6050.o(.bss)
    MPU6050_FIFO                             0x20000a92   Data         132  mpu6050.o(.bss)
    __libspace_start                         0x20000b28   Data          96  libspace.o(.bss)
    __temporary_stack_top$libspace           0x20000b88   Data           0  libspace.o(.bss)



==============================================================================

Memory Map of the image

  Image Entry point : 0x08000189

  Load Region LR_IROM1 (Base: 0x08000000, Size: 0x0000fc28, Max: 0x00100000, ABSOLUTE, COMPRESSED[0x0000fa50])

    Execution Region ER_IROM1 (Base: 0x08000000, Size: 0x0000f9e0, Max: 0x00100000, ABSOLUTE)

    Base Addr    Size         Type   Attr      Idx    E Section Name        Object

    0x08000000   0x00000188   Data   RO          283    RESET               startup_stm32f40_41xxx.o
    0x08000188   0x00000008   Code   RO         1697  * !!!main             c_w.l(__main.o)
    0x08000190   0x00000034   Code   RO         2036    !!!scatter          c_w.l(__scatter.o)
    0x080001c4   0x0000005a   Code   RO         2034    !!dczerorl2         c_w.l(__dczerorl2.o)
    0x0800021e   0x00000002   PAD
    0x08000220   0x0000001c   Code   RO         2038    !!handler_zi        c_w.l(__scatter_zi.o)
    0x0800023c   0x00000000   Code   RO         1688    .ARM.Collect$$_printf_percent$$00000000  c_w.l(_printf_percent.o)
    0x0800023c   0x00000006   Code   RO         1687    .ARM.Collect$$_printf_percent$$00000009  c_w.l(_printf_d.o)
    0x08000242   0x00000004   Code   RO         1780    .ARM.Collect$$_printf_percent$$00000017  c_w.l(_printf_percent_end.o)
    0x08000246   0x00000002   Code   RO         1901    .ARM.Collect$$libinit$$00000000  c_w.l(libinit.o)
    0x08000248   0x00000004   Code   RO         1912    .ARM.Collect$$libinit$$00000001  c_w.l(libinit2.o)
    0x0800024c   0x00000000   Code   RO         1915    .ARM.Collect$$libinit$$00000004  c_w.l(libinit2.o)
    0x0800024c   0x00000000   Code   RO         1918    .ARM.Collect$$libinit$$0000000A  c_w.l(libinit2.o)
    0x0800024c   0x00000000   Code   RO         1920    .ARM.Collect$$libinit$$0000000C  c_w.l(libinit2.o)
    0x0800024c   0x00000000   Code   RO         1922    .ARM.Collect$$libinit$$0000000E  c_w.l(libinit2.o)
    0x0800024c   0x00000000   Code   RO         1925    .ARM.Collect$$libinit$$00000011  c_w.l(libinit2.o)
    0x0800024c   0x00000000   Code   RO         1927    .ARM.Collect$$libinit$$00000013  c_w.l(libinit2.o)
    0x0800024c   0x00000000   Code   RO         1929    .ARM.Collect$$libinit$$00000015  c_w.l(libinit2.o)
    0x0800024c   0x00000000   Code   RO         1931    .ARM.Collect$$libinit$$00000017  c_w.l(libinit2.o)
    0x0800024c   0x00000000   Code   RO         1933    .ARM.Collect$$libinit$$00000019  c_w.l(libinit2.o)
    0x0800024c   0x00000000   Code   RO         1935    .ARM.Collect$$libinit$$0000001B  c_w.l(libinit2.o)
    0x0800024c   0x00000000   Code   RO         1937    .ARM.Collect$$libinit$$0000001D  c_w.l(libinit2.o)
    0x0800024c   0x00000000   Code   RO         1939    .ARM.Collect$$libinit$$0000001F  c_w.l(libinit2.o)
    0x0800024c   0x00000000   Code   RO         1941    .ARM.Collect$$libinit$$00000021  c_w.l(libinit2.o)
    0x0800024c   0x00000000   Code   RO         1943    .ARM.Collect$$libinit$$00000023  c_w.l(libinit2.o)
    0x0800024c   0x00000000   Code   RO         1945    .ARM.Collect$$libinit$$00000025  c_w.l(libinit2.o)
    0x0800024c   0x00000000   Code   RO         1949    .ARM.Collect$$libinit$$0000002C  c_w.l(libinit2.o)
    0x0800024c   0x00000000   Code   RO         1951    .ARM.Collect$$libinit$$0000002E  c_w.l(libinit2.o)
    0x0800024c   0x00000000   Code   RO         1953    .ARM.Collect$$libinit$$00000030  c_w.l(libinit2.o)
    0x0800024c   0x00000000   Code   RO         1955    .ARM.Collect$$libinit$$00000032  c_w.l(libinit2.o)
    0x0800024c   0x00000002   Code   RO         1956    .ARM.Collect$$libinit$$00000033  c_w.l(libinit2.o)
    0x0800024e   0x00000002   Code   RO         1986    .ARM.Collect$$libshutdown$$00000000  c_w.l(libshutdown.o)
    0x08000250   0x00000000   Code   RO         2000    .ARM.Collect$$libshutdown$$00000002  c_w.l(libshutdown2.o)
    0x08000250   0x00000000   Code   RO         2002    .ARM.Collect$$libshutdown$$00000004  c_w.l(libshutdown2.o)
    0x08000250   0x00000000   Code   RO         2005    .ARM.Collect$$libshutdown$$00000007  c_w.l(libshutdown2.o)
    0x08000250   0x00000000   Code   RO         2008    .ARM.Collect$$libshutdown$$0000000A  c_w.l(libshutdown2.o)
    0x08000250   0x00000000   Code   RO         2010    .ARM.Collect$$libshutdown$$0000000C  c_w.l(libshutdown2.o)
    0x08000250   0x00000000   Code   RO         2013    .ARM.Collect$$libshutdown$$0000000F  c_w.l(libshutdown2.o)
    0x08000250   0x00000002   Code   RO         2014    .ARM.Collect$$libshutdown$$00000010  c_w.l(libshutdown2.o)
    0x08000252   0x00000000   Code   RO         1771    .ARM.Collect$$rtentry$$00000000  c_w.l(__rtentry.o)
    0x08000252   0x00000000   Code   RO         1850    .ARM.Collect$$rtentry$$00000002  c_w.l(__rtentry2.o)
    0x08000252   0x00000006   Code   RO         1862    .ARM.Collect$$rtentry$$00000004  c_w.l(__rtentry4.o)
    0x08000258   0x00000000   Code   RO         1852    .ARM.Collect$$rtentry$$00000009  c_w.l(__rtentry2.o)
    0x08000258   0x00000004   Code   RO         1853    .ARM.Collect$$rtentry$$0000000A  c_w.l(__rtentry2.o)
    0x0800025c   0x00000000   Code   RO         1855    .ARM.Collect$$rtentry$$0000000C  c_w.l(__rtentry2.o)
    0x0800025c   0x00000008   Code   RO         1856    .ARM.Collect$$rtentry$$0000000D  c_w.l(__rtentry2.o)
    0x08000264   0x00000002   Code   RO         1906    .ARM.Collect$$rtexit$$00000000  c_w.l(rtexit.o)
    0x08000266   0x00000000   Code   RO         1960    .ARM.Collect$$rtexit$$00000002  c_w.l(rtexit2.o)
    0x08000266   0x00000004   Code   RO         1961    .ARM.Collect$$rtexit$$00000003  c_w.l(rtexit2.o)
    0x0800026a   0x00000006   Code   RO         1962    .ARM.Collect$$rtexit$$00000004  c_w.l(rtexit2.o)
    0x08000270   0x000000c0   Code   RO            3    .text               main.o
    0x08000330   0x0000001a   Code   RO          234    .text               stm32f4xx_it.o
    0x0800034a   0x00000002   PAD
    0x0800034c   0x00000210   Code   RO          257    .text               system_stm32f4xx.o
    0x0800055c   0x00000040   Code   RO          284    .text               startup_stm32f40_41xxx.o
    0x0800059c   0x000000e0   Code   RO          290    .text               misc.o
    0x0800067c   0x00000464   Code   RO          336    .text               stm32f4xx_adc.o
    0x08000ae0   0x000009f0   Code   RO          356    .text               stm32f4xx_can.o
    0x080014d0   0x000003a8   Code   RO          536    .text               stm32f4xx_dma.o
    0x08001878   0x00000110   Code   RO          579    .text               stm32f4xx_exti.o
    0x08001988   0x00000694   Code   RO          599    .text               stm32f4xx_flash.o
    0x0800201c   0x00000294   Code   RO          665    .text               stm32f4xx_gpio.o
    0x080022b0   0x0000016c   Code   RO          808    .text               stm32f4xx_pwr.o
    0x0800241c   0x0000065c   Code   RO          828    .text               stm32f4xx_rcc.o
    0x08002a78   0x00000480   Code   RO          933    .text               stm32f4xx_spi.o
    0x08002ef8   0x00000094   Code   RO          953    .text               stm32f4xx_syscfg.o
    0x08002f8c   0x00000ca2   Code   RO          973    .text               stm32f4xx_tim.o
    0x08003c2e   0x00000002   PAD
    0x08003c30   0x00000454   Code   RO          993    .text               stm32f4xx_usart.o
    0x08004084   0x00000104   Code   RO         1033    .text               delay.o
    0x08004188   0x000000cc   Code   RO         1085    .text               usart.o
    0x08004254   0x00000134   Code   RO         1112    .text               adc.o
    0x08004388   0x000001e8   Code   RO         1132    .text               encoder.o
    0x08004570   0x0000007c   Code   RO         1152    .text               exti.o
    0x080045ec   0x0000017c   Code   RO         1175    .text               key.o
    0x08004768   0x00000078   Code   RO         1196    .text               led.o
    0x080047e0   0x00000130   Code   RO         1217    .text               motor.o
    0x08004910   0x0000043e   Code   RO         1237    .text               oled.o
    0x08004d4e   0x00000002   PAD
    0x08004d50   0x00000508   Code   RO         1264    .text               ioi2c.o
    0x08005258   0x0000052c   Code   RO         1284    .text               usartx.o
    0x08005784   0x000002bc   Code   RO         1315    .text               stmflash.o
    0x08005a40   0x0000044c   Code   RO         1378    .text               timer.o
    0x08005e8c   0x000006c0   Code   RO         1401    .text               can.o
    0x0800654c   0x000002a8   Code   RO         1421    .text               ws2811.o
    0x080067f4   0x000001a0   Code   RO         1448    .text               deal_datapacket.o
    0x08006994   0x00000f3c   Code   RO         1475    .text               control.o
    0x080078d0   0x00000158   Code   RO         1503    .text               datascope_dp.o
    0x08007a28   0x000002c8   Code   RO         1521    .text               filter.o
    0x08007cf0   0x000005cc   Code   RO         1542    .text               show.o
    0x080082bc   0x00000878   Code   RO         1568    .text               mpu6050.o
    0x08008b34   0x00001ecc   Code   RO         1600    .text               inv_mpu.o
    0x0800aa00   0x00000d90   Code   RO         1632    .text               inv_mpu_dmp_motion_driver.o
    0x0800b790   0x00000002   Code   RO         1655    .text               c_w.l(use_no_semi_2.o)
    0x0800b792   0x00000048   Code   RO         1657    .text               c_w.l(llsdiv.o)
    0x0800b7da   0x00000002   PAD
    0x0800b7dc   0x00000018   Code   RO         1661    .text               c_w.l(noretval__2printf.o)
    0x0800b7f4   0x00000068   Code   RO         1663    .text               c_w.l(__printf.o)
    0x0800b85c   0x00000078   Code   RO         1665    .text               c_w.l(_printf_dec.o)
    0x0800b8d4   0x00000058   Code   RO         1689    .text               c_w.l(memcmp.o)
    0x0800b92c   0x00000010   Code   RO         1691    .text               c_w.l(aeabi_memset.o)
    0x0800b93c   0x00000044   Code   RO         1693    .text               c_w.l(rt_memclr.o)
    0x0800b980   0x00000006   Code   RO         1695    .text               c_w.l(heapauxi.o)
    0x0800b986   0x00000002   Code   RO         1769    .text               c_w.l(use_no_semi.o)
    0x0800b988   0x000000ee   Code   RO         1772    .text               c_w.l(lludivv7m.o)
    0x0800ba76   0x00000016   Code   RO         1774    .text               c_w.l(_rserrno.o)
    0x0800ba8c   0x000000b2   Code   RO         1776    .text               c_w.l(_printf_intcommon.o)
    0x0800bb3e   0x00000002   PAD
    0x0800bb40   0x00000024   Code   RO         1778    .text               c_w.l(_printf_char_file.o)
    0x0800bb64   0x0000004e   Code   RO         1781    .text               c_w.l(rt_memclr_w.o)
    0x0800bbb2   0x00000002   PAD
    0x0800bbb4   0x00000008   Code   RO         1871    .text               c_w.l(rt_errno_addr_intlibspace.o)
    0x0800bbbc   0x00000030   Code   RO         1873    .text               c_w.l(_printf_char_common.o)
    0x0800bbec   0x00000008   Code   RO         1875    .text               c_w.l(ferror.o)
    0x0800bbf4   0x00000008   Code   RO         1885    .text               c_w.l(libspace.o)
    0x0800bbfc   0x0000004a   Code   RO         1888    .text               c_w.l(sys_stackheap_outer.o)
    0x0800bc46   0x00000012   Code   RO         1894    .text               c_w.l(exit.o)
    0x0800bc58   0x00000030   Code   RO         1832    i.__ARM_fpclassify  m_wm.l(fpclassify.o)
    0x0800bc88   0x00000360   Code   RO         1729    i.__hardfp_asin     m_wm.l(asin.o)
    0x0800bfe8   0x000002d8   Code   RO         1798    i.__hardfp_atan     m_wm.l(atan.o)
    0x0800c2c0   0x000001f0   Code   RO         1743    i.__hardfp_atan2    m_wm.l(atan2.o)
    0x0800c4b0   0x00000c50   Code   RO         1755    i.__hardfp_pow      m_wm.l(pow.o)
    0x0800d100   0x000000f8   Code   RO         1834    i.__kernel_poly     m_wm.l(poly.o)
    0x0800d1f8   0x00000030   Code   RO         1812    i.__mathlib_dbl_divzero  m_wm.l(dunder.o)
    0x0800d228   0x00000014   Code   RO         1813    i.__mathlib_dbl_infnan  m_wm.l(dunder.o)
    0x0800d23c   0x00000014   Code   RO         1814    i.__mathlib_dbl_infnan2  m_wm.l(dunder.o)
    0x0800d250   0x00000020   Code   RO         1815    i.__mathlib_dbl_invalid  m_wm.l(dunder.o)
    0x0800d270   0x00000020   Code   RO         1816    i.__mathlib_dbl_overflow  m_wm.l(dunder.o)
    0x0800d290   0x00000020   Code   RO         1818    i.__mathlib_dbl_underflow  m_wm.l(dunder.o)
    0x0800d2b0   0x00000010   Code   RO         1800    i.atan              m_wm.l(atan.o)
    0x0800d2c0   0x00000018   Code   RO         1828    i.fabs              m_wm.l(fabs.o)
    0x0800d2d8   0x0000006e   Code   RO         1839    i.sqrt              m_wm.l(sqrt.o)
    0x0800d346   0x00000018   Code   RO         1783    x$fpl$basic         fz_wm.l(basic.o)
    0x0800d35e   0x00000002   PAD
    0x0800d360   0x00000062   Code   RO         1699    x$fpl$d2f           fz_wm.l(d2f.o)
    0x0800d3c2   0x00000002   PAD
    0x0800d3c4   0x00000150   Code   RO         1701    x$fpl$dadd          fz_wm.l(daddsub_clz.o)
    0x0800d514   0x00000010   Code   RO         1879    x$fpl$dcheck1       fz_wm.l(dcheck1.o)
    0x0800d524   0x00000018   Code   RO         1902    x$fpl$dcmpinf       fz_wm.l(dcmpi.o)
    0x0800d53c   0x000002b0   Code   RO         1708    x$fpl$ddiv          fz_wm.l(ddiv.o)
    0x0800d7ec   0x0000005e   Code   RO         1711    x$fpl$dfix          fz_wm.l(dfix.o)
    0x0800d84a   0x00000002   PAD
    0x0800d84c   0x0000005a   Code   RO         1715    x$fpl$dfixu         fz_wm.l(dfixu.o)
    0x0800d8a6   0x0000002e   Code   RO         1720    x$fpl$dflt          fz_wm.l(dflt_clz.o)
    0x0800d8d4   0x00000026   Code   RO         1719    x$fpl$dfltu         fz_wm.l(dflt_clz.o)
    0x0800d8fa   0x00000002   PAD
    0x0800d8fc   0x00000078   Code   RO         1881    x$fpl$dleqf         fz_wm.l(dleqf.o)
    0x0800d974   0x00000154   Code   RO         1725    x$fpl$dmul          fz_wm.l(dmul.o)
    0x0800dac8   0x0000009c   Code   RO         1785    x$fpl$dnaninf       fz_wm.l(dnaninf.o)
    0x0800db64   0x0000000c   Code   RO         1787    x$fpl$dretinf       fz_wm.l(dretinf.o)
    0x0800db70   0x0000006c   Code   RO         1789    x$fpl$drleqf        fz_wm.l(drleqf.o)
    0x0800dbdc   0x00000016   Code   RO         1702    x$fpl$drsb          fz_wm.l(daddsub_clz.o)
    0x0800dbf2   0x00000002   PAD
    0x0800dbf4   0x00000198   Code   RO         1883    x$fpl$dsqrt         fz_wm.l(dsqrt_umaal.o)
    0x0800dd8c   0x000001d4   Code   RO         1703    x$fpl$dsub          fz_wm.l(daddsub_clz.o)
    0x0800df60   0x00000056   Code   RO         1727    x$fpl$f2d           fz_wm.l(f2d.o)
    0x0800dfb6   0x0000008c   Code   RO         1791    x$fpl$fnaninf       fz_wm.l(fnaninf.o)
    0x0800e042   0x0000000a   Code   RO         1974    x$fpl$fpinit        fz_wm.l(fpinit.o)
    0x0800e04c   0x0000000a   Code   RO         1793    x$fpl$fretinf       fz_wm.l(fretinf.o)
    0x0800e056   0x00000064   Code   RO         1904    x$fpl$retnan        fz_wm.l(retnan.o)
    0x0800e0ba   0x0000005c   Code   RO         1795    x$fpl$scalbn        fz_wm.l(scalbn.o)
    0x0800e116   0x00000030   Code   RO         1957    x$fpl$trapveneer    fz_wm.l(trapv.o)
    0x0800e146   0x00000000   Code   RO         1797    x$fpl$usenofp       fz_wm.l(usenofp.o)
    0x0800e146   0x00000a64   Data   RO         1239    .constdata          oled.o
    0x0800ebaa   0x00000002   PAD
    0x0800ebac   0x00000050   Data   RO         1601    .constdata          inv_mpu.o
    0x0800ebfc   0x00000bf6   Data   RO         1634    .constdata          inv_mpu_dmp_motion_driver.o
    0x0800f7f2   0x00000006   PAD
    0x0800f7f8   0x00000050   Data   RO         1732    .constdata          m_wm.l(asin.o)
    0x0800f848   0x00000088   Data   RO         1758    .constdata          m_wm.l(pow.o)
    0x0800f8d0   0x00000098   Data   RO         1801    .constdata          m_wm.l(atan.o)
    0x0800f968   0x00000008   Data   RO         1836    .constdata          m_wm.l(qnan.o)
    0x0800f970   0x0000004e   Data   RO         1602    .conststring        inv_mpu.o
    0x0800f9be   0x00000002   PAD
    0x0800f9c0   0x00000020   Data   RO         2032    Region$$Table       anon$$obj.o


    Execution Region RW_IRAM1 (Base: 0x20000000, Size: 0x00001188, Max: 0x00020000, ABSOLUTE, COMPRESSED[0x00000070])

    Base Addr    Size         Type   Attr      Idx    E Section Name        Object

    0x20000000   0x00000060   Data   RW            5    .data               main.o
    0x20000060   0x00000014   Data   RW          258    .data               system_stm32f4xx.o
    0x20000074   0x00000010   Data   RW          829    .data               stm32f4xx_rcc.o
    0x20000084   0x00000004   Data   RW         1034    .data               delay.o
    0x20000088   0x00000004   Data   RW         1086    .data               usart.o
    0x2000008c   0x0000000e   Data   RW         1176    .data               key.o
    0x2000009a   0x00000002   PAD
    0x2000009c   0x00000004   Data   RW         1197    .data               led.o
    0x200000a0   0x00000010   Data   RW         1286    .data               usartx.o
    0x200000b0   0x0000002c   Data   RW         1379    .data               timer.o
    0x200000dc   0x00000038   Data   RW         1423    .data               ws2811.o
    0x20000114   0x0000000a   Data   RW         1450    .data               deal_datapacket.o
    0x2000011e   0x00000002   PAD
    0x20000120   0x0000005e   Data   RW         1476    .data               control.o
    0x2000017e   0x00000002   PAD
    0x20000180   0x00000054   Data   RW         1523    .data               filter.o
    0x200001d4   0x0000000d   Data   RW         1543    .data               show.o
    0x200001e1   0x00000003   PAD
    0x200001e4   0x00000038   Data   RW         1570    .data               mpu6050.o
    0x2000021c   0x0000002c   Data   RW         1603    .data               inv_mpu.o
    0x20000248   0x00000028   Zero   RW            4    .bss                main.o
    0x20000270   0x00000400   Zero   RW         1238    .bss                oled.o
    0x20000670   0x00000032   Zero   RW         1285    .bss                usartx.o
    0x200006a2   0x00000290   Zero   RW         1422    .bss                ws2811.o
    0x20000932   0x00000117   Zero   RW         1449    .bss                deal_datapacket.o
    0x20000a49   0x0000002a   Zero   RW         1504    .bss                datascope_dp.o
    0x20000a73   0x00000001   PAD
    0x20000a74   0x00000010   Zero   RW         1522    .bss                filter.o
    0x20000a84   0x00000092   Zero   RW         1569    .bss                mpu6050.o
    0x20000b16   0x00000002   PAD
    0x20000b18   0x00000010   Zero   RW         1633    .bss                inv_mpu_dmp_motion_driver.o
    0x20000b28   0x00000060   Zero   RW         1886    .bss                c_w.l(libspace.o)
    0x20000b88   0x00000200   Zero   RW          282    HEAP                startup_stm32f40_41xxx.o
    0x20000d88   0x00000400   Zero   RW          281    STACK               startup_stm32f40_41xxx.o


==============================================================================

Image component sizes


      Code (inc. data)   RO Data    RW Data    ZI Data      Debug   Object Name

       308         40          0          0          0       1196   adc.o
      1728         48          0          0          0       5562   can.o
      3900        500          0         94          0       6936   control.o
       344         30          0          0         42       2426   datascope_dp.o
       416         44          0         10        279       2509   deal_datapacket.o
       260          8          0          4          0       1629   delay.o
       488         18          0          0          0       1847   encoder.o
       124          4          0          0          0        788   exti.o
       712         82          0         84         16       2076   filter.o
      7884        182        158         44          0      22263   inv_mpu.o
      3472        142       3062          0         16      15483   inv_mpu_dmp_motion_driver.o
      1288         14          0          0          0       6026   ioi2c.o
       380         42          0         14          0       1691   key.o
       120         16          0          4          0        893   led.o
       192         14          0         96         40     313077   main.o
       224         20          0          0          0     255877   misc.o
       304         12          0          0          0       1142   motor.o
      2168        456          0         56        146      32666   mpu6050.o
      1086         26       2660          0       1024       5091   oled.o
      1484        306          0         13          0       1859   show.o
        64         26        392          0       1536        888   startup_stm32f40_41xxx.o
      1124         24          0          0          0      10838   stm32f4xx_adc.o
      2544         38          0          0          0       8296   stm32f4xx_can.o
       936         32          0          0          0       6541   stm32f4xx_dma.o
       272         10          0          0          0       2439   stm32f4xx_exti.o
      1684         28          0          0          0       9570   stm32f4xx_flash.o
       660         44          0          0          0       4309   stm32f4xx_gpio.o
        26          0          0          0          0       1298   stm32f4xx_it.o
       364         12          0          0          0       3867   stm32f4xx_pwr.o
      1628         52          0         16          0      13260   stm32f4xx_rcc.o
      1152         36          0          0          0       7057   stm32f4xx_spi.o
       148         12          0          0          0       1921   stm32f4xx_syscfg.o
      3234         60          0          0          0      23164   stm32f4xx_tim.o
      1108         34          0          0          0       8032   stm32f4xx_usart.o
       700         94          0          0          0       2920   stmflash.o
       528         46          0         20          0       2003   system_stm32f4xx.o
      1100         76          0         44          0       3481   timer.o
       204         18          0          4          0       3384   usart.o
      1324        152          0         16         50       2433   usartx.o
       680         32          0         56        656       3533   ws2811.o

    ----------------------------------------------------------------------
     46368       2830       6314        584       3808     800271   Object Totals
         0          0         32          0          0          0   (incl. Generated)
         6          0         10          9          3          0   (incl. Padding)

    ----------------------------------------------------------------------

      Code (inc. data)   RO Data    RW Data    ZI Data      Debug   Library Member Name

        90          0          0          0          0          0   __dczerorl2.o
         8          0          0          0          0         68   __main.o
       104          0          0          0          0         84   __printf.o
         0          0          0          0          0          0   __rtentry.o
        12          0          0          0          0          0   __rtentry2.o
         6          0          0          0          0          0   __rtentry4.o
        52          8          0          0          0          0   __scatter.o
        28          0          0          0          0          0   __scatter_zi.o
        48          6          0          0          0         96   _printf_char_common.o
        36          4          0          0          0         80   _printf_char_file.o
         6          0          0          0          0          0   _printf_d.o
       120         16          0          0          0         92   _printf_dec.o
       178          0          0          0          0         88   _printf_intcommon.o
         0          0          0          0          0          0   _printf_percent.o
         4          0          0          0          0          0   _printf_percent_end.o
        22          0          0          0          0        100   _rserrno.o
        16          0          0          0          0         68   aeabi_memset.o
        18          0          0          0          0         80   exit.o
         8          0          0          0          0         68   ferror.o
         6          0          0          0          0        152   heapauxi.o
         2          0          0          0          0          0   libinit.o
         6          0          0          0          0          0   libinit2.o
         2          0          0          0          0          0   libshutdown.o
         2          0          0          0          0          0   libshutdown2.o
         8          4          0          0         96         68   libspace.o
        72          0          0          0          0         76   llsdiv.o
       238          0          0          0          0        100   lludivv7m.o
        88          0          0          0          0         76   memcmp.o
        24          4          0          0          0         84   noretval__2printf.o
         8          4          0          0          0         68   rt_errno_addr_intlibspace.o
        68          0          0          0          0         68   rt_memclr.o
        78          0          0          0          0         80   rt_memclr_w.o
         2          0          0          0          0          0   rtexit.o
        10          0          0          0          0          0   rtexit2.o
        74          0          0          0          0         80   sys_stackheap_outer.o
         2          0          0          0          0         68   use_no_semi.o
         2          0          0          0          0         68   use_no_semi_2.o
        24          0          0          0          0        164   basic.o
        98          4          0          0          0        140   d2f.o
       826         16          0          0          0        492   daddsub_clz.o
        16          4          0          0          0        116   dcheck1.o
        24          0          0          0          0        116   dcmpi.o
       688        140          0          0          0        256   ddiv.o
        94          4          0          0          0        140   dfix.o
        90          4          0          0          0        140   dfixu.o
        84          0          0          0          0        232   dflt_clz.o
       120          4          0          0          0        140   dleqf.o
       340         12          0          0          0        152   dmul.o
       156          4          0          0          0        140   dnaninf.o
        12          0          0          0          0        116   dretinf.o
       108          0          0          0          0        128   drleqf.o
       408         56          0          0          0        168   dsqrt_umaal.o
        86          4          0          0          0        132   f2d.o
       140          4          0          0          0        132   fnaninf.o
        10          0          0          0          0        116   fpinit.o
        10          0          0          0          0        116   fretinf.o
       100          0          0          0          0        116   retnan.o
        92          0          0          0          0        116   scalbn.o
        48          0          0          0          0        116   trapv.o
         0          0          0          0          0          0   usenofp.o
       864         94         80          0          0        280   asin.o
       744        106        152          0          0        352   atan.o
       496         64          0          0          0        192   atan2.o
       184         44          0          0          0        744   dunder.o
        24          0          0          0          0        124   fabs.o
        48          0          0          0          0        124   fpclassify.o
       248          0          0          0          0        152   poly.o
      3152        296        136          0          0        352   pow.o
         0          0          8          0          0          0   qnan.o
       110          0          0          0          0        148   sqrt.o

    ----------------------------------------------------------------------
     10910        906        376          0         96       7764   Library Totals
        18          0          0          0          0          0   (incl. Padding)

    ----------------------------------------------------------------------

      Code (inc. data)   RO Data    RW Data    ZI Data      Debug   Library Name

      1448         46          0          0         96       1812   c_w.l
      3574        256          0          0          0       3484   fz_wm.l
      5870        604        376          0          0       2468   m_wm.l

    ----------------------------------------------------------------------
     10910        906        376          0         96       7764   Library Totals

    ----------------------------------------------------------------------

==============================================================================


      Code (inc. data)   RO Data    RW Data    ZI Data      Debug   

     57278       3736       6690        584       3904     793499   Grand Totals
     57278       3736       6690        112       3904     793499   ELF Image Totals (compressed)
     57278       3736       6690        112          0          0   ROM Totals

==============================================================================

    Total RO  Size (Code + RO Data)                63968 (  62.47kB)
    Total RW  Size (RW Data + ZI Data)              4488 (   4.38kB)
    Total ROM Size (Code + RO Data + RW Data)      64080 (  62.58kB)

==============================================================================

